Component: Arm Compiler for Embedded 6.18 Tool: armlink [5e4cc100]

==============================================================================

Section Cross References

    startup_stm32g030xx.o(STACK) refers (Special) to heapauxi.o(.text) for __use_two_region_memory
    startup_stm32g030xx.o(HEAP) refers (Special) to heapauxi.o(.text) for __use_two_region_memory
    startup_stm32g030xx.o(RESET) refers (Special) to heapauxi.o(.text) for __use_two_region_memory
    startup_stm32g030xx.o(RESET) refers to startup_stm32g030xx.o(STACK) for __initial_sp
    startup_stm32g030xx.o(RESET) refers to startup_stm32g030xx.o(.text) for Reset_Handler
    startup_stm32g030xx.o(RESET) refers to stm32g0xx_it.o(.text.NMI_Handler) for NMI_Handler
    startup_stm32g030xx.o(RESET) refers to stm32g0xx_it.o(.text.HardFault_Handler) for HardFault_Handler
    startup_stm32g030xx.o(RESET) refers to irq_armv6m.o(.text) for SVC_Handler
    startup_stm32g030xx.o(.text) refers (Special) to heapauxi.o(.text) for __use_two_region_memory
    startup_stm32g030xx.o(.text) refers to system_stm32g0xx.o(.text.SystemInit) for SystemInit
    startup_stm32g030xx.o(.text) refers to __main.o(!!!main) for __main
    startup_stm32g030xx.o(.text) refers to startup_stm32g030xx.o(HEAP) for Heap_Mem
    startup_stm32g030xx.o(.text) refers to startup_stm32g030xx.o(STACK) for Stack_Mem
    main.o(.text.LED_PWM) refers to rtx_delay.o(.text.osDelay) for osDelay
    main.o(.ARM.exidx.text.LED_PWM) refers to main.o(.text.LED_PWM) for [Anonymous Symbol]
    main.o(.text.ADC_Read) refers to rtx_delay.o(.text.osDelay) for osDelay
    main.o(.text.ADC_Read) refers to main.o(.bss.ADC_Value) for ADC_Value
    main.o(.ARM.exidx.text.ADC_Read) refers to main.o(.text.ADC_Read) for [Anonymous Symbol]
    main.o(.text.app_main) refers to rtx_thread.o(.text.osThreadNew) for osThreadNew
    main.o(.text.app_main) refers to main.o(.text.LED_PWM) for LED_PWM
    main.o(.text.app_main) refers to main.o(.rodata.ThreadAttr_LED_PWM) for [Anonymous Symbol]
    main.o(.text.app_main) refers to main.o(.bss.LED_PWM_ID) for LED_PWM_ID
    main.o(.text.app_main) refers to main.o(.text.ADC_Read) for ADC_Read
    main.o(.text.app_main) refers to main.o(.rodata.ThreadAttr_ADC_Read) for [Anonymous Symbol]
    main.o(.text.app_main) refers to main.o(.bss.ADC_Read_ID) for ADC_Read_ID
    main.o(.ARM.exidx.text.app_main) refers to main.o(.text.app_main) for [Anonymous Symbol]
    main.o(.text.main) refers to main.o(.text.SystemClock_Config) for SystemClock_Config
    main.o(.text.main) refers to gpio.o(.text.MX_GPIO_Init) for MX_GPIO_Init
    main.o(.text.main) refers to adc.o(.text.MX_ADC1_Init) for MX_ADC1_Init
    main.o(.text.main) refers to tim.o(.text.MX_TIM16_Init) for MX_TIM16_Init
    main.o(.text.main) refers to tim.o(.text.MX_TIM1_Init) for MX_TIM1_Init
    main.o(.text.main) refers to tim.o(.text.TIM16_StartPWM) for TIM16_StartPWM
    main.o(.text.main) refers to tim.o(.text.TIM1_StartPWM) for TIM1_StartPWM
    main.o(.text.main) refers to rtx_kernel.o(.text.osKernelInitialize) for osKernelInitialize
    main.o(.text.main) refers to rtx_thread.o(.text.osThreadNew) for osThreadNew
    main.o(.text.main) refers to rtx_kernel.o(.text.osKernelGetState) for osKernelGetState
    main.o(.text.main) refers to rtx_kernel.o(.text.osKernelStart) for osKernelStart
    main.o(.text.main) refers to main.o(.text.app_main) for app_main
    main.o(.text.main) refers to main.o(.rodata.ThreadAttr_app_main) for [Anonymous Symbol]
    main.o(.text.main) refers to main.o(.bss.app_main_ID) for app_main_ID
    main.o(.ARM.exidx.text.main) refers to main.o(.text.main) for [Anonymous Symbol]
    main.o(.text.SystemClock_Config) refers to stm32g0xx_ll_utils.o(.text.LL_Init1msTick) for LL_Init1msTick
    main.o(.text.SystemClock_Config) refers to stm32g0xx_ll_utils.o(.text.LL_SetSystemCoreClock) for LL_SetSystemCoreClock
    main.o(.ARM.exidx.text.SystemClock_Config) refers to main.o(.text.SystemClock_Config) for [Anonymous Symbol]
    main.o(.ARM.exidx.text.Error_Handler) refers to main.o(.text.Error_Handler) for [Anonymous Symbol]
    main.o(.rodata.ThreadAttr_LED_PWM) refers to main.o(.rodata.str1.1) for [Anonymous Symbol]
    main.o(.rodata.ThreadAttr_ADC_Read) refers to main.o(.rodata.str1.1) for [Anonymous Symbol]
    main.o(.rodata.ThreadAttr_app_main) refers to main.o(.rodata.str1.1) for [Anonymous Symbol]
    gpio.o(.text.MX_GPIO_Init) refers to stm32g0xx_ll_gpio.o(.text.LL_GPIO_Init) for LL_GPIO_Init
    gpio.o(.ARM.exidx.text.MX_GPIO_Init) refers to gpio.o(.text.MX_GPIO_Init) for [Anonymous Symbol]
    adc.o(.text.MX_ADC1_Init) refers to stm32g0xx_ll_gpio.o(.text.LL_GPIO_Init) for LL_GPIO_Init
    adc.o(.text.MX_ADC1_Init) refers to stm32g0xx_ll_adc.o(.text.LL_ADC_Init) for LL_ADC_Init
    adc.o(.text.MX_ADC1_Init) refers to stm32g0xx_ll_adc.o(.text.LL_ADC_REG_Init) for LL_ADC_REG_Init
    adc.o(.ARM.exidx.text.MX_ADC1_Init) refers to adc.o(.text.MX_ADC1_Init) for [Anonymous Symbol]
[...]
    rtx_memory.c                             0x00000000   Number         0  rtx_memory.o ABSOLUTE
    rtx_mempool.c                            0x00000000   Number         0  rtx_mempool.o ABSOLUTE
    rtx_msgqueue.c                           0x00000000   Number         0  rtx_msgqueue.o ABSOLUTE
    rtx_mutex.c                              0x00000000   Number         0  rtx_mutex.o ABSOLUTE
    rtx_system.c                             0x00000000   Number         0  rtx_system.o ABSOLUTE
    rtx_thread.c                             0x00000000   Number         0  rtx_thread.o ABSOLUTE
    rtx_timer.c                              0x00000000   Number         0  rtx_timer.o ABSOLUTE
    startup_stm32g030xx.s                    0x00000000   Number         0  startup_stm32g030xx.o ABSOLUTE
    stm32g0xx_it.c                           0x00000000   Number         0  stm32g0xx_it.o ABSOLUTE
    stm32g0xx_ll_adc.c                       0x00000000   Number         0  stm32g0xx_ll_adc.o ABSOLUTE
    stm32g0xx_ll_dma.c                       0x00000000   Number         0  stm32g0xx_ll_dma.o ABSOLUTE
    stm32g0xx_ll_exti.c                      0x00000000   Number         0  stm32g0xx_ll_exti.o ABSOLUTE
    stm32g0xx_ll_gpio.c                      0x00000000   Number         0  stm32g0xx_ll_gpio.o ABSOLUTE
    stm32g0xx_ll_pwr.c                       0x00000000   Number         0  stm32g0xx_ll_pwr.o ABSOLUTE
    stm32g0xx_ll_rcc.c                       0x00000000   Number         0  stm32g0xx_ll_rcc.o ABSOLUTE
    stm32g0xx_ll_tim.c                       0x00000000   Number         0  stm32g0xx_ll_tim.o ABSOLUTE
    stm32g0xx_ll_utils.c                     0x00000000   Number         0  stm32g0xx_ll_utils.o ABSOLUTE
    system_stm32g0xx.c                       0x00000000   Number         0  system_stm32g0xx.o ABSOLUTE
    tim.c                                    0x00000000   Number         0  tim.o ABSOLUTE
    osRtxErrorStackOverflow                  0x00000001   Number         0  irq_armv6m.o ABSOLUTE
    I_T_RUN_OFS                              0x00000014   Number         0  irq_armv6m.o ABSOLUTE
    TCB_SP_OFS                               0x00000038   Number         0  irq_armv6m.o ABSOLUTE
    RESET                                    0x08000000   Section      192  startup_stm32g030xx.o(RESET)
    !!!main                                  0x080000c0   Section        8  __main.o(!!!main)
    !!!scatter                               0x080000c8   Section       60  __scatter.o(!!!scatter)
    !!handler_copy                           0x08000104   Section       26  __scatter_copy.o(!!handler_copy)
    !!handler_zi                             0x08000120   Section       28  __scatter_zi.o(!!handler_zi)
    .ARM.Collect$$libinit$$00000000          0x0800013c   Section        2  libinit.o(.ARM.Collect$$libinit$$00000000)
    .ARM.Collect$$libinit$$00000002          0x0800013e   Section        0  libinit2.o(.ARM.Collect$$libinit$$00000002)
    .ARM.Collect$$libinit$$00000004          0x0800013e   Section        0  libinit2.o(.ARM.Collect$$libinit$$00000004)
    .ARM.Collect$$libinit$$00000006          0x0800013e   Section        0  libinit2.o(.ARM.Collect$$libinit$$00000006)
    .ARM.Collect$$libinit$$0000000C          0x0800013e   Section        0  libinit2.o(.ARM.Collect$$libinit$$0000000C)
    .ARM.Collect$$libinit$$0000000E          0x0800013e   Section        0  libinit2.o(.ARM.Collect$$libinit$$0000000E)
    .ARM.Collect$$libinit$$00000010          0x0800013e   Section        0  libinit2.o(.ARM.Collect$$libinit$$00000010)
    .ARM.Collect$$libinit$$00000013          0x0800013e   Section        0  libinit2.o(.ARM.Collect$$libinit$$00000013)
    .ARM.Collect$$libinit$$00000015          0x0800013e   Section        0  libinit2.o(.ARM.Collect$$libinit$$00000015)
    .ARM.Collect$$libinit$$00000017          0x0800013e   Section        0  libinit2.o(.ARM.Collect$$libinit$$00000017)
    .ARM.Collect$$libinit$$00000019          0x0800013e   Section        0  libinit2.o(.ARM.Collect$$libinit$$00000019)
    .ARM.Collect$$libinit$$0000001B          0x0800013e   Section        0  libinit2.o(.ARM.Collect$$libinit$$0000001B)
    .ARM.Collect$$libinit$$0000001D          0x0800013e   Section        0  libinit2.o(.ARM.Collect$$libinit$$0000001D)
    .ARM.Collect$$libinit$$0000001F          0x0800013e   Section        0  libinit2.o(.ARM.Collect$$libinit$$0000001F)
    .ARM.Collect$$libinit$$00000021          0x0800013e   Section        0  libinit2.o(.ARM.Collect$$libinit$$00000021)
    .ARM.Collect$$libinit$$00000023          0x0800013e   Section        0  libinit2.o(.ARM.Collect$$libinit$$00000023)
    .ARM.Collect$$libinit$$00000025          0x0800013e   Section        0  libinit2.o(.ARM.Collect$$libinit$$00000025)
    .ARM.Collect$$libinit$$00000027          0x0800013e   Section        0  libinit2.o(.ARM.Collect$$libinit$$00000027)
    .ARM.Collect$$libinit$$0000002E          0x0800013e   Section        0  libinit2.o(.ARM.Collect$$libinit$$0000002E)
    .ARM.Collect$$libinit$$00000030          0x0800013e   Section        0  libinit2.o(.ARM.Collect$$libinit$$00000030)
    .ARM.Collect$$libinit$$00000032          0x0800013e   Section        0  libinit2.o(.ARM.Collect$$libinit$$00000032)
    .ARM.Collect$$libinit$$00000034          0x0800013e   Section        0  libinit2.o(.ARM.Collect$$libinit$$00000034)
    .ARM.Collect$$libinit$$00000035          0x0800013e   Section        2  libinit2.o(.ARM.Collect$$libinit$$00000035)
    .ARM.Collect$$libshutdown$$00000000      0x08000140   Section        2  libshutdown.o(.ARM.Collect$$libshutdown$$00000000)
    .ARM.Collect$$libshutdown$$00000002      0x08000142   Section        0  libshutdown2.o(.ARM.Collect$$libshutdown$$00000002)
    .ARM.Collect$$libshutdown$$00000004      0x08000142   Section        0  libshutdown2.o(.ARM.Collect$$libshutdown$$00000004)
    .ARM.Collect$$libshutdown$$00000007      0x08000142   Section        0  libshutdown2.o(.ARM.Collect$$libshutdown$$00000007)
    .ARM.Collect$$libshutdown$$0000000A      0x08000142   Section        0  libshutdown2.o(.ARM.Collect$$libshutdown$$0000000A)
    .ARM.Collect$$libshutdown$$0000000C      0x08000142   Section        0  libshutdown2.o(.ARM.Collect$$libshutdown$$0000000C)
    .ARM.Collect$$libshutdown$$0000000F      0x08000142   Section        0  libshutdown2.o(.ARM.Collect$$libshutdown$$0000000F)
    .ARM.Collect$$libshutdown$$00000010      0x08000142   Section        2  libshutdown2.o(.ARM.Collect$$libshutdown$$00000010)
    .ARM.Collect$$rtentry$$00000000          0x08000144   Section        0  __rtentry.o(.ARM.Collect$$rtentry$$00000000)
    .ARM.Collect$$rtentry$$00000002          0x08000144   Section        0  __rtentry2.o(.ARM.Collect$$rtentry$$00000002)
    .ARM.Collect$$rtentry$$00000004          0x08000144   Section        6  __rtentry4.o(.ARM.Collect$$rtentry$$00000004)
    .ARM.Collect$$rtentry$$00000008          0x0800014a   Section        8  __rtentry2.o(.ARM.Collect$$rtentry$$00000008)
    .ARM.Collect$$rtentry$$0000000A          0x08000152   Section        4  __rtentry2.o(.ARM.Collect$$rtentry$$0000000A)
    .ARM.Collect$$rtentry$$0000000C          0x08000156   Section        0  __rtentry2.o(.ARM.Collect$$rtentry$$0000000C)
    .ARM.Collect$$rtentry$$0000000D          0x08000156   Section        8  __rtentry2.o(.ARM.Collect$$rtentry$$0000000D)
    .ARM.Collect$$rtexit$$00000000           0x0800015e   Section        2  rtexit.o(.ARM.Collect$$rtexit$$00000000)
    .ARM.Collect$$rtexit$$00000002           0x08000160   Section        0  rtexit2.o(.ARM.Collect$$rtexit$$00000002)
    .ARM.Collect$$rtexit$$00000003           0x08000160   Section        4  rtexit2.o(.ARM.Collect$$rtexit$$00000003)
    .ARM.Collect$$rtexit$$00000004           0x08000164   Section        6  rtexit2.o(.ARM.Collect$$rtexit$$00000004)
    .emb_text                                0x0800016c   Section       56  rt_memcpy.o(.emb_text)
    .text                                    0x080001a4   Section       56  startup_stm32g030xx.o(.text)
    [Anonymous Symbol]                       0x080001dc   Section        0  irq_armv6m.o(.text)
    SVC_Number                               0x080001e6   Number         0  irq_armv6m.o(.text)
    SVC_Context                              0x080001fc   Number         0  irq_armv6m.o(.text)
    SVC_ContextSave                          0x0800020c   Number         0  irq_armv6m.o(.text)
    SVC_ContextRestore                       0x08000220   Number         0  irq_armv6m.o(.text)
    SVC_MSP                                  0x0800023c   Number         0  irq_armv6m.o(.text)
    SVC_Exit                                 0x08000242   Number         0  irq_armv6m.o(.text)
    SVC_User                                 0x08000244   Number         0  irq_armv6m.o(.text)
    .text                                    0x08000280   Section        0  rt_memcpy.o(.text)
    .text                                    0x08000302   Section        0  rt_memclr.o(.text)
    .text                                    0x08000342   Section        0  heapauxi.o(.text)
    .text                                    0x08000348   Section       62  sys_stackheap_outer.o(.text)
    .text                                    0x08000386   Section        0  exit.o(.text)
    .text                                    0x08000398   Section        8  libspace.o(.text)
    .text                                    0x080003a0   Section        0  sys_exit.o(.text)
    .text                                    0x080003ac   Section        2  use_no_semi.o(.text)
    .text                                    0x080003ae   Section        0  indicate_semi.o(.text)
    [Anonymous Symbol]                       0x080003b0   Section        0  main.o(.text.ADC_Read)
    __arm_cp.1_0                             0x080003e4   Number         4  main.o(.text.ADC_Read)
    __arm_cp.1_1                             0x080003e8   Number         4  main.o(.text.ADC_Read)
    __arm_cp.1_2                             0x080003ec   Number         4  main.o(.text.ADC_Read)
    __arm_cp.1_3                             0x080003f0   Number         4  main.o(.text.ADC_Read)
    [Anonymous Symbol]                       0x080003f4   Section        0  stm32g0xx_it.o(.text.HardFault_Handler)
    [Anonymous Symbol]                       0x080003f8   Section        0  main.o(.text.LED_PWM)
    __arm_cp.0_0                             0x08000430   Number         4  main.o(.text.LED_PWM)
    [Anonymous Symbol]                       0x08000434   Section        0  stm32g0xx_ll_adc.o(.text.LL_ADC_Init)
    __arm_cp.4_0                             0x08000464   Number         4  stm32g0xx_ll_adc.o(.text.LL_ADC_Init)
    [Anonymous Symbol]                       0x08000468   Section        0  stm32g0xx_ll_adc.o(.text.LL_ADC_REG_Init)
    __arm_cp.6_0                             0x080004cc   Number         4  stm32g0xx_ll_adc.o(.text.LL_ADC_REG_Init)
    [Anonymous Symbol]                       0x080004d0   Section        0  stm32g0xx_ll_gpio.o(.text.LL_GPIO_Init)
    [Anonymous Symbol]                       0x08000590   Section        0  stm32g0xx_ll_utils.o(.text.LL_Init1msTick)
    __arm_cp.0_0                             0x080005ac   Number         4  stm32g0xx_ll_utils.o(.text.LL_Init1msTick)
    [Anonymous Symbol]                       0x080005b0   Section        0  stm32g0xx_ll_utils.o(.text.LL_SetSystemCoreClock)
    __arm_cp.2_0                             0x080005b8   Number         4  stm32g0xx_ll_utils.o(.text.LL_SetSystemCoreClock)
    [Anonymous Symbol]                       0x080005bc   Section        0  stm32g0xx_ll_tim.o(.text.LL_TIM_BDTR_Init)
    __arm_cp.12_0                            0x08000630   Number         4  stm32g0xx_ll_tim.o(.text.LL_TIM_BDTR_Init)
    __arm_cp.12_1                            0x08000634   Number         4  stm32g0xx_ll_tim.o(.text.LL_TIM_BDTR_Init)
    __arm_cp.12_2                            0x08000638   Number         4  stm32g0xx_ll_tim.o(.text.LL_TIM_BDTR_Init)
    __arm_cp.12_3                            0x0800063c   Number         4  stm32g0xx_ll_tim.o(.text.LL_TIM_BDTR_Init)
    __arm_cp.12_4                            0x08000640   Number         4  stm32g0xx_ll_tim.o(.text.LL_TIM_BDTR_Init)
    __arm_cp.12_5                            0x08000644   Number         4  stm32g0xx_ll_tim.o(.text.LL_TIM_BDTR_Init)
    __arm_cp.12_7                            0x08000648   Number         4  stm32g0xx_ll_tim.o(.text.LL_TIM_BDTR_Init)
    [Anonymous Symbol]                       0x0800064c   Section        0  stm32g0xx_ll_tim.o(.text.LL_TIM_Init)
    __arm_cp.2_1                             0x080006c4   Number         4  stm32g0xx_ll_tim.o(.text.LL_TIM_Init)
    __arm_cp.2_2                             0x080006c8   Number         4  stm32g0xx_ll_tim.o(.text.LL_TIM_Init)
    __arm_cp.2_5                             0x080006cc   Number         4  stm32g0xx_ll_tim.o(.text.LL_TIM_Init)
    [Anonymous Symbol]                       0x080006d0   Section        0  stm32g0xx_ll_tim.o(.text.LL_TIM_OC_Init)
    __arm_cp.4_0                             0x0800099c   Number         4  stm32g0xx_ll_tim.o(.text.LL_TIM_OC_Init)
    __arm_cp.4_1                             0x080009a0   Number         4  stm32g0xx_ll_tim.o(.text.LL_TIM_OC_Init)
    __arm_cp.4_2                             0x080009a4   Number         4  stm32g0xx_ll_tim.o(.text.LL_TIM_OC_Init)
    __arm_cp.4_3                             0x080009a8   Number         4  stm32g0xx_ll_tim.o(.text.LL_TIM_OC_Init)
    __arm_cp.4_4                             0x080009ac   Number         4  stm32g0xx_ll_tim.o(.text.LL_TIM_OC_Init)
    __arm_cp.4_5                             0x080009b0   Number         4  stm32g0xx_ll_tim.o(.text.LL_TIM_OC_Init)
    __arm_cp.4_6                             0x080009b4   Number         4  stm32g0xx_ll_tim.o(.text.LL_TIM_OC_Init)
    __arm_cp.4_7                             0x080009b8   Number         4  stm32g0xx_ll_tim.o(.text.LL_TIM_OC_Init)
    __arm_cp.4_8                             0x080009bc   Number         4  stm32g0xx_ll_tim.o(.text.LL_TIM_OC_Init)
    __arm_cp.4_9                             0x080009c0   Number         4  stm32g0xx_ll_tim.o(.text.LL_TIM_OC_Init)
    [Anonymous Symbol]                       0x080009c4   Section        0  adc.o(.text.MX_ADC1_Init)
    __arm_cp.0_1                             0x08000ac4   Number         4  adc.o(.text.MX_ADC1_Init)
    __arm_cp.0_2                             0x08000ac8   Number         4  adc.o(.text.MX_ADC1_Init)
    __arm_cp.0_3                             0x08000acc   Number         4  adc.o(.text.MX_ADC1_Init)
    __arm_cp.0_4                             0x08000ad0   Number         4  adc.o(.text.MX_ADC1_Init)
    __arm_cp.0_5                             0x08000ad4   Number         4  adc.o(.text.MX_ADC1_Init)
    [Anonymous Symbol]                       0x08000ad8   Section        0  gpio.o(.text.MX_GPIO_Init)
    [Anonymous Symbol]                       0x08000b28   Section        0  tim.o(.text.MX_TIM16_Init)
    __arm_cp.1_1                             0x08000c04   Number         4  tim.o(.text.MX_TIM16_Init)
    [Anonymous Symbol]                       0x08000c08   Section        0  tim.o(.text.MX_TIM1_Init)
    __arm_cp.0_0                             0x08000d14   Number         4  tim.o(.text.MX_TIM1_Init)
    __arm_cp.0_1                             0x08000d18   Number         4  tim.o(.text.MX_TIM1_Init)
    __arm_cp.0_3                             0x08000d1c   Number         4  tim.o(.text.MX_TIM1_Init)
    __arm_cp.0_4                             0x08000d20   Number         4  tim.o(.text.MX_TIM1_Init)
    MessageQueueGet                          0x08000d25   Thumb Code    66  rtx_msgqueue.o(.text.MessageQueueGet)
    [Anonymous Symbol]                       0x08000d24   Section        0  rtx_msgqueue.o(.text.MessageQueueGet)
    MessageQueuePut                          0x08000d67   Thumb Code    94  rtx_msgqueue.o(.text.MessageQueuePut)
    [Anonymous Symbol]                       0x08000d66   Section        0  rtx_msgqueue.o(.text.MessageQueuePut)
    MessageQueueRemove                       0x08000dc5   Thumb Code    30  rtx_msgqueue.o(.text.MessageQueueRemove)
    [Anonymous Symbol]                       0x08000dc4   Section        0  rtx_msgqueue.o(.text.MessageQueueRemove)
    [Anonymous Symbol]                       0x08000de2   Section        0  stm32g0xx_it.o(.text.NMI_Handler)
    [Anonymous Symbol]                       0x08000de4   Section        0  os_systick.o(.text.OS_Tick_AcknowledgeIRQ)
    [Anonymous Symbol]                       0x08000dec   Section        0  os_systick.o(.text.OS_Tick_Enable)
    __arm_cp.1_1                             0x08000e0c   Number         4  os_systick.o(.text.OS_Tick_Enable)
    [Anonymous Symbol]                       0x08000e10   Section        0  os_systick.o(.text.OS_Tick_GetIRQn)
    [Anonymous Symbol]                       0x08000e18   Section        0  os_systick.o(.text.OS_Tick_Setup)
    __arm_cp.0_0                             0x08000e54   Number         4  os_systick.o(.text.OS_Tick_Setup)
    __arm_cp.0_2                             0x08000e58   Number         4  os_systick.o(.text.OS_Tick_Setup)
    __arm_cp.0_3                             0x08000e5c   Number         4  os_systick.o(.text.OS_Tick_Setup)
    [Anonymous Symbol]                       0x08000e60   Section        0  main.o(.text.SystemClock_Config)
    __arm_cp.4_0                             0x08000eec   Number         4  main.o(.text.SystemClock_Config)
    __arm_cp.4_1                             0x08000ef0   Number         4  main.o(.text.SystemClock_Config)
    __arm_cp.4_2                             0x08000ef4   Number         4  main.o(.text.SystemClock_Config)
    __arm_cp.4_3                             0x08000ef8   Number         4  main.o(.text.SystemClock_Config)
    __arm_cp.4_4                             0x08000efc   Number         4  main.o(.text.SystemClock_Config)
    [Anonymous Symbol]                       0x08000f00   Section        0  system_stm32g0xx.o(.text.SystemInit)
    [Anonymous Symbol]                       0x08000f04   Section        0  tim.o(.text.TIM16_StartPWM)
    __arm_cp.2_0                             0x08000f20   Number         4  tim.o(.text.TIM16_StartPWM)
    [Anonymous Symbol]                       0x08000f24   Section        0  tim.o(.text.TIM1_StartPWM)
    __arm_cp.3_0                             0x08000f40   Number         4  tim.o(.text.TIM1_StartPWM)
    ThreadFlagsCheck                         0x08000f45   Thumb Code    74  rtx_thread.o(.text.ThreadFlagsCheck)
    [Anonymous Symbol]                       0x08000f44   Section        0  rtx_thread.o(.text.ThreadFlagsCheck)
    TimerInsert                              0x08000f91   Thumb Code    72  rtx_timer.o(.text.TimerInsert)
    [Anonymous Symbol]                       0x08000f90   Section        0  rtx_timer.o(.text.TimerInsert)
    __tagsym$$used.1                         0x08000fd8   Number         0  rtx_lib.o(.text._mutex_acquire)
    [Anonymous Symbol]                       0x08000fd8   Section        0  rtx_lib.o(.text._mutex_acquire)
    __tagsym$$used.3                         0x08001004   Number         0  rtx_lib.o(.text._mutex_free)
    [Anonymous Symbol]                       0x08001004   Section        0  rtx_lib.o(.text._mutex_free)
    __tagsym$$used.0                         0x0800100e   Number         0  rtx_lib.o(.text._mutex_initialize)
    [Anonymous Symbol]                       0x0800100e   Section        0  rtx_lib.o(.text._mutex_initialize)
    __tagsym$$used.2                         0x08001030   Number         0  rtx_lib.o(.text._mutex_release)
    [Anonymous Symbol]                       0x08001030   Section        0  rtx_lib.o(.text._mutex_release)
    __arm_cp.4_0                             0x08001058   Number         4  rtx_lib.o(.text._mutex_release)
    [Anonymous Symbol]                       0x0800105c   Section        0  rtx_lib.o(.text._platform_post_stackheap_init)
    [Anonymous Symbol]                       0x08001064   Section        0  main.o(.text.app_main)
    __arm_cp.2_0                             0x08001088   Number         4  main.o(.text.app_main)
    __arm_cp.2_1                             0x0800108c   Number         4  main.o(.text.app_main)
    __arm_cp.2_2                             0x08001090   Number         4  main.o(.text.app_main)
    __arm_cp.2_3                             0x08001094   Number         4  main.o(.text.app_main)
    __arm_cp.2_4                             0x08001098   Number         4  main.o(.text.app_main)
    __arm_cp.2_5                             0x0800109c   Number         4  main.o(.text.app_main)
    [Anonymous Symbol]                       0x080010a0   Section        0  main.o(.text.main)
    __arm_cp.3_0                             0x08001120   Number         4  main.o(.text.main)
    __arm_cp.3_1                             0x08001124   Number         4  main.o(.text.main)
    __arm_cp.3_2                             0x08001128   Number         4  main.o(.text.main)
    __arm_cp.3_3                             0x0800112c   Number         4  main.o(.text.main)
    __arm_cp.3_4                             0x08001130   Number         4  main.o(.text.main)
    __arm_cp.3_5                             0x08001134   Number         4  main.o(.text.main)
    __arm_cp.3_6                             0x08001138   Number         4  main.o(.text.main)
    [Anonymous Symbol]                       0x0800113c   Section        0  rtx_delay.o(.text.osDelay)
    __arm_cp.0_0                             0x08001160   Number         4  rtx_delay.o(.text.osDelay)
    [Anonymous Symbol]                       0x08001164   Section        0  rtx_kernel.o(.text.osKernelGetState)
    __arm_cp.5_0                             0x0800118c   Number         4  rtx_kernel.o(.text.osKernelGetState)
    __arm_cp.5_1                             0x08001190   Number         4  rtx_kernel.o(.text.osKernelGetState)
    [Anonymous Symbol]                       0x08001194   Section        0  rtx_kernel.o(.text.osKernelInitialize)
    __arm_cp.2_0                             0x080011b8   Number         4  rtx_kernel.o(.text.osKernelInitialize)
    [Anonymous Symbol]                       0x080011bc   Section        0  rtx_kernel.o(.text.osKernelStart)
    __arm_cp.7_0                             0x080011dc   Number         4  rtx_kernel.o(.text.osKernelStart)
    [Anonymous Symbol]                       0x080011e0   Section        0  rtx_msgqueue.o(.text.osMessageQueueGet)
    __arm_cp.5_0                             0x08001250   Number         4  rtx_msgqueue.o(.text.osMessageQueueGet)
    [Anonymous Symbol]                       0x08001254   Section        0  rtx_msgqueue.o(.text.osMessageQueuePut)
    __arm_cp.4_0                             0x080012c4   Number         4  rtx_msgqueue.o(.text.osMessageQueuePut)
    [Anonymous Symbol]                       0x080012c8   Section        0  rtx_mutex.o(.text.osMutexAcquire)
    __arm_cp.4_0                             0x080012ec   Number         4  rtx_mutex.o(.text.osMutexAcquire)
    [Anonymous Symbol]                       0x080012f0   Section        0  rtx_mutex.o(.text.osMutexDelete)
    __arm_cp.7_0                             0x08001314   Number         4  rtx_mutex.o(.text.osMutexDelete)
    [Anonymous Symbol]                       0x08001318   Section        0  rtx_mutex.o(.text.osMutexNew)
    __arm_cp.2_0                             0x08001338   Number         4  rtx_mutex.o(.text.osMutexNew)
    [Anonymous Symbol]                       0x0800133c   Section        0  rtx_mutex.o(.text.osMutexRelease)
    __arm_cp.5_0                             0x08001360   Number         4  rtx_mutex.o(.text.osMutexRelease)
    [Anonymous Symbol]                       0x08001364   Section        0  rtx_config.o(.text.osRtxErrorNotify)
    [Anonymous Symbol]                       0x08001366   Section        0  rtx_config.o(.text.osRtxIdleThread)
    [Anonymous Symbol]                       0x08001368   Section        0  rtx_kernel.o(.text.osRtxKernelErrorNotify)
    [Anonymous Symbol]                       0x08001370   Section        0  rtx_kernel.o(.text.osRtxKernelPreInit)
    [Anonymous Symbol]                       0x08001372   Section        0  rtx_memory.o(.text.osRtxMemoryAlloc)
    [Anonymous Symbol]                       0x080013ea   Section        0  rtx_memory.o(.text.osRtxMemoryFree)
    [Anonymous Symbol]                       0x08001438   Section        0  rtx_memory.o(.text.osRtxMemoryInit)
    [Anonymous Symbol]                       0x08001466   Section        0  rtx_mempool.o(.text.osRtxMemoryPoolAlloc)
    [Anonymous Symbol]                       0x08001490   Section        0  rtx_mempool.o(.text.osRtxMemoryPoolFree)
    [Anonymous Symbol]                       0x080014c6   Section        0  rtx_mempool.o(.text.osRtxMemoryPoolInit)
    osRtxMessageQueuePostProcess             0x08001503   Thumb Code   188  rtx_msgqueue.o(.text.osRtxMessageQueuePostProcess)
    [Anonymous Symbol]                       0x08001502   Section        0  rtx_msgqueue.o(.text.osRtxMessageQueuePostProcess)
    [Anonymous Symbol]                       0x080015c0   Section        0  rtx_msgqueue.o(.text.osRtxMessageQueueTimerSetup)
    __arm_cp.0_0                             0x080015e0   Number         4  rtx_msgqueue.o(.text.osRtxMessageQueueTimerSetup)
    [Anonymous Symbol]                       0x080015e4   Section        0  rtx_mutex.o(.text.osRtxMutexOwnerRelease)
    [Anonymous Symbol]                       0x08001628   Section        0  rtx_mutex.o(.text.osRtxMutexOwnerRestore)
    [Anonymous Symbol]                       0x08001670   Section        0  rtx_system.o(.text.osRtxPendSV_Handler)
    [Anonymous Symbol]                       0x080016f0   Section        0  rtx_system.o(.text.osRtxPostProcess)
    __arm_cp.2_1                             0x08001758   Number         4  rtx_system.o(.text.osRtxPostProcess)
    osRtxThreadBlock                         0x0800175d   Thumb Code    52  rtx_thread.o(.text.osRtxThreadBlock)
    [Anonymous Symbol]                       0x0800175c   Section        0  rtx_thread.o(.text.osRtxThreadBlock)
    osRtxThreadDelayInsert                   0x08001791   Thumb Code   140  rtx_thread.o(.text.osRtxThreadDelayInsert)
    [Anonymous Symbol]                       0x08001790   Section        0  rtx_thread.o(.text.osRtxThreadDelayInsert)
    osRtxThreadDelayRemove                   0x0800181d   Thumb Code    68  rtx_thread.o(.text.osRtxThreadDelayRemove)
    [Anonymous Symbol]                       0x0800181c   Section        0  rtx_thread.o(.text.osRtxThreadDelayRemove)
    [Anonymous Symbol]                       0x08001860   Section        0  rtx_thread.o(.text.osRtxThreadDelayTick)
    osRtxThreadDestroy                       0x080018b5   Thumb Code    40  rtx_thread.o(.text.osRtxThreadDestroy)
    [Anonymous Symbol]                       0x080018b4   Section        0  rtx_thread.o(.text.osRtxThreadDestroy)
    [Anonymous Symbol]                       0x080018dc   Section        0  rtx_thread.o(.text.osRtxThreadDispatch)
    osRtxThreadFree                          0x08001929   Thumb Code    80  rtx_thread.o(.text.osRtxThreadFree)
    [Anonymous Symbol]                       0x08001928   Section        0  rtx_thread.o(.text.osRtxThreadFree)
    __arm_cp.51_0                            0x08001978   Number         4  rtx_thread.o(.text.osRtxThreadFree)
    osRtxThreadJoinWakeup                    0x0800197d   Thumb Code    32  rtx_thread.o(.text.osRtxThreadJoinWakeup)
    [Anonymous Symbol]                       0x0800197c   Section        0  rtx_thread.o(.text.osRtxThreadJoinWakeup)
    [Anonymous Symbol]                       0x0800199c   Section        0  rtx_thread.o(.text.osRtxThreadListGet)
    [Anonymous Symbol]                       0x080019b0   Section        0  rtx_thread.o(.text.osRtxThreadListPut)
    [Anonymous Symbol]                       0x080019dc   Section        0  rtx_thread.o(.text.osRtxThreadListRemove)
    [Anonymous Symbol]                       0x080019f4   Section        0  rtx_thread.o(.text.osRtxThreadListSort)
    osRtxThreadPostProcess                   0x08001a19   Thumb Code    38  rtx_thread.o(.text.osRtxThreadPostProcess)
    [Anonymous Symbol]                       0x08001a18   Section        0  rtx_thread.o(.text.osRtxThreadPostProcess)
    [Anonymous Symbol]                       0x08001a40   Section        0  rtx_thread.o(.text.osRtxThreadReadyPut)
    [Anonymous Symbol]                       0x08001a54   Section        0  rtx_thread.o(.text.osRtxThreadRegPtr)
    [Anonymous Symbol]                       0x08001a5c   Section        0  rtx_thread.o(.text.osRtxThreadStartup)
    __arm_cp.14_1                            0x08001a94   Number         4  rtx_thread.o(.text.osRtxThreadStartup)
    [Anonymous Symbol]                       0x08001a98   Section        0  rtx_thread.o(.text.osRtxThreadSwitch)
    __arm_cp.7_0                             0x08001aa4   Number         4  rtx_thread.o(.text.osRtxThreadSwitch)
    [Anonymous Symbol]                       0x08001aa8   Section        0  rtx_thread.o(.text.osRtxThreadWaitEnter)
    __arm_cp.12_0                            0x08001ae4   Number         4  rtx_thread.o(.text.osRtxThreadWaitEnter)
    [Anonymous Symbol]                       0x08001ae8   Section        0  rtx_thread.o(.text.osRtxThreadWaitExit)
    [Anonymous Symbol]                       0x08001b0c   Section        0  rtx_system.o(.text.osRtxTick_Handler)
    __arm_cp.0_0                             0x08001b88   Number         4  rtx_system.o(.text.osRtxTick_Handler)
    [Anonymous Symbol]                       0x08001b8c   Section        0  rtx_timer.o(.text.osRtxTimerSetup)
    __arm_cp.0_0                             0x08001ba8   Number         4  rtx_timer.o(.text.osRtxTimerSetup)
    __arm_cp.0_1                             0x08001bac   Number         4  rtx_timer.o(.text.osRtxTimerSetup)
    [Anonymous Symbol]                       0x08001bb0   Section        0  rtx_timer.o(.text.osRtxTimerThread)
    osRtxTimerTick                           0x08001bcd   Thumb Code   112  rtx_timer.o(.text.osRtxTimerTick)
    [Anonymous Symbol]                       0x08001bcc   Section        0  rtx_timer.o(.text.osRtxTimerTick)
    __arm_cp.1_0                             0x08001c3c   Number         4  rtx_timer.o(.text.osRtxTimerTick)
    [Anonymous Symbol]                       0x08001c40   Section        0  rtx_thread.o(.text.osThreadExit)
    __arm_cp.30_0                            0x08001c48   Number         4  rtx_thread.o(.text.osThreadExit)
    [Anonymous Symbol]                       0x08001c4c   Section        0  rtx_thread.o(.text.osThreadNew)
    __arm_cp.16_0                            0x08001c6c   Number         4  rtx_thread.o(.text.osThreadNew)
    svcRtxDelay                              0x08001c71   Thumb Code    24  rtx_delay.o(.text.svcRtxDelay)
    [Anonymous Symbol]                       0x08001c70   Section        0  rtx_delay.o(.text.svcRtxDelay)
    svcRtxKernelGetState                     0x08001c89   Thumb Code     8  rtx_kernel.o(.text.svcRtxKernelGetState)
    [Anonymous Symbol]                       0x08001c88   Section        0  rtx_kernel.o(.text.svcRtxKernelGetState)
    __arm_cp.6_0                             0x08001c90   Number         4  rtx_kernel.o(.text.svcRtxKernelGetState)
    svcRtxKernelInitialize                   0x08001c95   Thumb Code   308  rtx_kernel.o(.text.svcRtxKernelInitialize)
    [Anonymous Symbol]                       0x08001c94   Section        0  rtx_kernel.o(.text.svcRtxKernelInitialize)
    __arm_cp.21_0                            0x08001dc8   Number         4  rtx_kernel.o(.text.svcRtxKernelInitialize)
    __arm_cp.21_2                            0x08001dcc   Number         4  rtx_kernel.o(.text.svcRtxKernelInitialize)
    svcRtxKernelStart                        0x08001dd1   Thumb Code   116  rtx_kernel.o(.text.svcRtxKernelStart)
    [Anonymous Symbol]                       0x08001dd0   Section        0  rtx_kernel.o(.text.svcRtxKernelStart)
    __arm_cp.22_0                            0x08001e44   Number         4  rtx_kernel.o(.text.svcRtxKernelStart)
    __arm_cp.22_1                            0x08001e48   Number         4  rtx_kernel.o(.text.svcRtxKernelStart)
    __arm_cp.22_2                            0x08001e4c   Number         4  rtx_kernel.o(.text.svcRtxKernelStart)
    __arm_cp.22_3                            0x08001e50   Number         4  rtx_kernel.o(.text.svcRtxKernelStart)
    svcRtxMessageQueueGet                    0x08001e55   Thumb Code   200  rtx_msgqueue.o(.text.svcRtxMessageQueueGet)
    [Anonymous Symbol]                       0x08001e54   Section        0  rtx_msgqueue.o(.text.svcRtxMessageQueueGet)
    __arm_cp.22_0                            0x08001f1c   Number         4  rtx_msgqueue.o(.text.svcRtxMessageQueueGet)
    svcRtxMessageQueueNew                    0x08001f21   Thumb Code   428  rtx_msgqueue.o(.text.svcRtxMessageQueueNew)
    [Anonymous Symbol]                       0x08001f20   Section        0  rtx_msgqueue.o(.text.svcRtxMessageQueueNew)
    __arm_cp.1_0                             0x080020cc   Number         4  rtx_msgqueue.o(.text.svcRtxMessageQueueNew)
    __arm_cp.1_1                             0x080020d0   Number         4  rtx_msgqueue.o(.text.svcRtxMessageQueueNew)
    __arm_cp.1_2                             0x080020d4   Number         4  rtx_msgqueue.o(.text.svcRtxMessageQueueNew)
    __arm_cp.1_3                             0x080020d8   Number         4  rtx_msgqueue.o(.text.svcRtxMessageQueueNew)
    __arm_cp.1_5                             0x080020dc   Number         4  rtx_msgqueue.o(.text.svcRtxMessageQueueNew)
    svcRtxMessageQueuePut                    0x080020e1   Thumb Code   172  rtx_msgqueue.o(.text.svcRtxMessageQueuePut)
    [Anonymous Symbol]                       0x080020e0   Section        0  rtx_msgqueue.o(.text.svcRtxMessageQueuePut)
    __arm_cp.20_0                            0x0800218c   Number         4  rtx_msgqueue.o(.text.svcRtxMessageQueuePut)
    svcRtxMutexAcquire                       0x08002191   Thumb Code   148  rtx_mutex.o(.text.svcRtxMutexAcquire)
    [Anonymous Symbol]                       0x08002190   Section        0  rtx_mutex.o(.text.svcRtxMutexAcquire)
    svcRtxMutexDelete                        0x08002225   Thumb Code   176  rtx_mutex.o(.text.svcRtxMutexDelete)
    [Anonymous Symbol]                       0x08002224   Section        0  rtx_mutex.o(.text.svcRtxMutexDelete)
    __arm_cp.13_0                            0x080022d4   Number         4  rtx_mutex.o(.text.svcRtxMutexDelete)
    svcRtxMutexNew                           0x080022d9   Thumb Code   108  rtx_mutex.o(.text.svcRtxMutexNew)
    [Anonymous Symbol]                       0x080022d8   Section        0  rtx_mutex.o(.text.svcRtxMutexNew)
    __arm_cp.8_0                             0x08002344   Number         4  rtx_mutex.o(.text.svcRtxMutexNew)
    svcRtxMutexRelease                       0x08002349   Thumb Code   184  rtx_mutex.o(.text.svcRtxMutexRelease)
    [Anonymous Symbol]                       0x08002348   Section        0  rtx_mutex.o(.text.svcRtxMutexRelease)
    __arm_cp.11_0                            0x08002400   Number         4  rtx_mutex.o(.text.svcRtxMutexRelease)
    svcRtxThreadExit                         0x08002405   Thumb Code    72  rtx_thread.o(.text.svcRtxThreadExit)
    [Anonymous Symbol]                       0x08002404   Section        0  rtx_thread.o(.text.svcRtxThreadExit)
    __arm_cp.53_0                            0x0800244c   Number         4  rtx_thread.o(.text.svcRtxThreadExit)
    svcRtxThreadNew                          0x08002451   Thumb Code   484  rtx_thread.o(.text.svcRtxThreadNew)
    [Anonymous Symbol]                       0x08002450   Section        0  rtx_thread.o(.text.svcRtxThreadNew)
    __arm_cp.15_0                            0x08002634   Number         4  rtx_thread.o(.text.svcRtxThreadNew)
    __arm_cp.15_1                            0x08002638   Number         4  rtx_thread.o(.text.svcRtxThreadNew)
    __arm_cp.15_2                            0x0800263c   Number         4  rtx_thread.o(.text.svcRtxThreadNew)
    __arm_cp.15_3                            0x08002640   Number         4  rtx_thread.o(.text.svcRtxThreadNew)
    __arm_cp.15_4                            0x08002644   Number         4  rtx_thread.o(.text.svcRtxThreadNew)
    __arm_cp.15_5                            0x08002648   Number         4  rtx_thread.o(.text.svcRtxThreadNew)
    .text_divfast                            0x0800264c   Section      502  aeabi_sdivfast.o(.text_divfast)
    __tagsym$$used.4                         0x08002844   Number         0  rtx_lib.o(.rodata)
    __tagsym$$used.5                         0x080028b4   Number         0  rtx_lib.o(.rodata)
    ThreadAttr_ADC_Read                      0x080028ec   Data          36  main.o(.rodata.ThreadAttr_ADC_Read)
    [Anonymous Symbol]                       0x080028ec   Section        0  main.o(.rodata.ThreadAttr_ADC_Read)
    ThreadAttr_LED_PWM                       0x08002910   Data          36  main.o(.rodata.ThreadAttr_LED_PWM)
    [Anonymous Symbol]                       0x08002910   Section        0  main.o(.rodata.ThreadAttr_LED_PWM)
    ThreadAttr_app_main                      0x08002934   Data          36  main.o(.rodata.ThreadAttr_app_main)
    [Anonymous Symbol]                       0x08002934   Section        0  main.o(.rodata.ThreadAttr_app_main)
    os_idle_thread_attr                      0x0800295c   Data          36  rtx_lib.o(.rodata.os_idle_thread_attr)
    [Anonymous Symbol]                       0x0800295c   Section        0  rtx_lib.o(.rodata.os_idle_thread_attr)
    os_timer_mq_attr                         0x08002980   Data          24  rtx_lib.o(.rodata.os_timer_mq_attr)
    [Anonymous Symbol]                       0x08002980   Section        0  rtx_lib.o(.rodata.os_timer_mq_attr)
    os_timer_thread_attr                     0x08002998   Data          36  rtx_lib.o(.rodata.os_timer_thread_attr)
    [Anonymous Symbol]                       0x08002998   Section        0  rtx_lib.o(.rodata.os_timer_thread_attr)
    [Anonymous Symbol]                       0x080029bc   Section        0  main.o(.rodata.str1.1)
    [Anonymous Symbol]                       0x080029d8   Section        0  rtx_kernel.o(.rodata.str1.4)
    .bss                                     0x200000a8   Section       96  libspace.o(.bss)
    os_isr_queue                             0x20000118   Data          64  rtx_lib.o(.bss.os)
    [Anonymous Symbol]                       0x20000118   Section        0  rtx_lib.o(.bss.os)
    os_mem                                   0x20000158   Data        4096  rtx_lib.o(.bss.os)
    PendST                                   0x20001158   Data           1  os_systick.o(.bss.os)
    [Anonymous Symbol]                       0x20001158   Section        0  os_systick.o(.bss.os)
    os_timer_mq_cb                           0x2000115c   Data          52  rtx_lib.o(.bss.os.msgqueue.cb)
    [Anonymous Symbol]                       0x2000115c   Section        0  rtx_lib.o(.bss.os.msgqueue.cb)
    os_timer_mq_data                         0x20001190   Data          80  rtx_lib.o(.bss.os.msgqueue.mem)
    [Anonymous Symbol]                       0x20001190   Section        0  rtx_lib.o(.bss.os.msgqueue.mem)
    os_idle_thread_cb                        0x200011e0   Data          68  rtx_lib.o(.bss.os.thread.cb)
    [Anonymous Symbol]                       0x200011e0   Section        0  rtx_lib.o(.bss.os.thread.cb)
    os_timer_thread_cb                       0x20001224   Data          68  rtx_lib.o(.bss.os.thread.cb)
    os_idle_thread_stack                     0x20001268   Data         256  rtx_lib.o(.bss.os.thread.idle.stack)
    [Anonymous Symbol]                       0x20001268   Section        0  rtx_lib.o(.bss.os.thread.idle.stack)
    os_timer_thread_stack                    0x20001368   Data         256  rtx_lib.o(.bss.os.thread.timer.stack)
    [Anonymous Symbol]                       0x20001368   Section        0  rtx_lib.o(.bss.os.thread.timer.stack)
    os_kernel_is_active.os_kernel_active     0x20001468   Data           1  rtx_lib.o(.bss.os_kernel_is_active.os_kernel_active)
    [Anonymous Symbol]                       0x20001468   Section        0  rtx_lib.o(.bss.os_kernel_is_active.os_kernel_active)
    Heap_Mem                                 0x20001470   Data         512  startup_stm32g030xx.o(HEAP)
    HEAP                                     0x20001470   Section      512  startup_stm32g030xx.o(HEAP)
    Stack_Mem                                0x20001670   Data        1024  startup_stm32g030xx.o(STACK)
    STACK                                    0x20001670   Section     1024  startup_stm32g030xx.o(STACK)
    __initial_sp                             0x20001a70   Data           0  startup_stm32g030xx.o(STACK)

    Global Symbols

    Symbol Name                              Value     Ov Type        Size  Object(Section)

    BuildAttributes$$THM_ISAv3M$S$PE$A:L22$X:L11$S22$IEEE1$IW$~IW$USESV6$~STKCKD$USESV7$~SHL$OTIME$ROPI$EBA8$UX$STANDARDLIB$REQ8$PRES8$EABIv2 0x00000000   Number         0  anon$$obj.o ABSOLUTE
    .bss.os.evflags.cb$$Base                  - Undefined Weak Reference
    .bss.os.evflags.cb$$Limit                 - Undefined Weak Reference
    .bss.os.mempool.cb$$Base                  - Undefined Weak Reference
    .bss.os.mempool.cb$$Limit                 - Undefined Weak Reference
    .bss.os.mutex.cb$$Base                    - Undefined Weak Reference
    .bss.os.mutex.cb$$Limit                   - Undefined Weak Reference
    .bss.os.semaphore.cb$$Base                - Undefined Weak Reference
    .bss.os.semaphore.cb$$Limit               - Undefined Weak Reference
    .bss.os.timer.cb$$Base                    - Undefined Weak Reference
    .bss.os.timer.cb$$Limit                   - Undefined Weak Reference
    __ARM_exceptions_init                     - Undefined Weak Reference
    __alloca_initialize                       - Undefined Weak Reference
    __arm_preinit_                            - Undefined Weak Reference
    __arm_relocate_pie_                       - Undefined Weak Reference
    __cpp_initialize__aeabi_                  - Undefined Weak Reference
    __cxa_finalize                            - Undefined Weak Reference
    __rt_locale                               - Undefined Weak Reference
    __sigvec_lookup                           - Undefined Weak Reference
    _atexit_init                              - Undefined Weak Reference
    _call_atexit_fns                          - Undefined Weak Reference
    _clock_init                               - Undefined Weak Reference
    _fp_trap_init                             - Undefined Weak Reference
    _fp_trap_shutdown                         - Undefined Weak Reference
    _get_lc_collate                           - Undefined Weak Reference
    _get_lc_ctype                             - Undefined Weak Reference
    _get_lc_monetary                          - Undefined Weak Reference
    _get_lc_numeric                           - Undefined Weak Reference
    _get_lc_time                              - Undefined Weak Reference
    _getenv_init                              - Undefined Weak Reference
    _handle_redirection                       - Undefined Weak Reference
    _init_alloc                               - Undefined Weak Reference
    _init_user_alloc                          - Undefined Weak Reference
    _initio                                   - Undefined Weak Reference
    _rand_init                                - Undefined Weak Reference
    _signal_finish                            - Undefined Weak Reference
    _signal_init                              - Undefined Weak Reference
    _terminate_alloc                          - Undefined Weak Reference
    _terminate_user_alloc                     - Undefined Weak Reference
    _terminateio                              - Undefined Weak Reference
    __Vectors_Size                           0x000000c0   Number         0  startup_stm32g030xx.o ABSOLUTE
    __Vectors                                0x08000000   Data           4  startup_stm32g030xx.o(RESET)
    __Vectors_End                            0x080000c0   Data           0  startup_stm32g030xx.o(RESET)
    __main                                   0x080000c1   Thumb Code     8  __main.o(!!!main)
    __scatterload                            0x080000c9   Thumb Code     0  __scatter.o(!!!scatter)
    __scatterload_rt2                        0x080000c9   Thumb Code    52  __scatter.o(!!!scatter)
    __scatterload_rt2_thumb_only             0x080000c9   Thumb Code     0  __scatter.o(!!!scatter)
    __scatterload_null                       0x080000d9   Thumb Code     0  __scatter.o(!!!scatter)
    __scatterload_copy                       0x08000105   Thumb Code    26  __scatter_copy.o(!!handler_copy)
    __scatterload_zeroinit                   0x08000121   Thumb Code    28  __scatter_zi.o(!!handler_zi)
    __rt_lib_init                            0x0800013d   Thumb Code     0  libinit.o(.ARM.Collect$$libinit$$00000000)
    __rt_lib_init_alloca_1                   0x0800013f   Thumb Code     0  libinit2.o(.ARM.Collect$$libinit$$00000030)
    __rt_lib_init_argv_1                     0x0800013f   Thumb Code     0  libinit2.o(.ARM.Collect$$libinit$$0000002E)
    __rt_lib_init_atexit_1                   0x0800013f   Thumb Code     0  libinit2.o(.ARM.Collect$$libinit$$0000001D)
    __rt_lib_init_clock_1                    0x0800013f   Thumb Code     0  libinit2.o(.ARM.Collect$$libinit$$00000023)
    __rt_lib_init_cpp_1                      0x0800013f   Thumb Code     0  libinit2.o(.ARM.Collect$$libinit$$00000034)
    __rt_lib_init_exceptions_1               0x0800013f   Thumb Code     0  libinit2.o(.ARM.Collect$$libinit$$00000032)
    __rt_lib_init_fp_1                       0x0800013f   Thumb Code     0  libinit2.o(.ARM.Collect$$libinit$$00000002)
    __rt_lib_init_fp_trap_1                  0x0800013f   Thumb Code     0  libinit2.o(.ARM.Collect$$libinit$$00000021)
    __rt_lib_init_getenv_1                   0x0800013f   Thumb Code     0  libinit2.o(.ARM.Collect$$libinit$$00000025)
    __rt_lib_init_heap_1                     0x0800013f   Thumb Code     0  libinit2.o(.ARM.Collect$$libinit$$0000000C)
    __rt_lib_init_lc_collate_1               0x0800013f   Thumb Code     0  libinit2.o(.ARM.Collect$$libinit$$00000013)
    __rt_lib_init_lc_ctype_1                 0x0800013f   Thumb Code     0  libinit2.o(.ARM.Collect$$libinit$$00000015)
    __rt_lib_init_lc_monetary_1              0x0800013f   Thumb Code     0  libinit2.o(.ARM.Collect$$libinit$$00000017)
    __rt_lib_init_lc_numeric_1               0x0800013f   Thumb Code     0  libinit2.o(.ARM.Collect$$libinit$$00000019)
    __rt_lib_init_lc_time_1                  0x0800013f   Thumb Code     0  libinit2.o(.ARM.Collect$$libinit$$0000001B)
    __rt_lib_init_preinit_1                  0x0800013f   Thumb Code     0  libinit2.o(.ARM.Collect$$libinit$$00000006)
    __rt_lib_init_rand_1                     0x0800013f   Thumb Code     0  libinit2.o(.ARM.Collect$$libinit$$00000010)
    __rt_lib_init_relocate_pie_1             0x0800013f   Thumb Code     0  libinit2.o(.ARM.Collect$$libinit$$00000004)
    __rt_lib_init_return                     0x0800013f   Thumb Code     0  libinit2.o(.ARM.Collect$$libinit$$00000035)
    __rt_lib_init_signal_1                   0x0800013f   Thumb Code     0  libinit2.o(.ARM.Collect$$libinit$$0000001F)
    __rt_lib_init_stdio_1                    0x0800013f   Thumb Code     0  libinit2.o(.ARM.Collect$$libinit$$00000027)
    __rt_lib_init_user_alloc_1               0x0800013f   Thumb Code     0  libinit2.o(.ARM.Collect$$libinit$$0000000E)
    __rt_lib_shutdown                        0x08000141   Thumb Code     0  libshutdown.o(.ARM.Collect$$libshutdown$$00000000)
    __rt_lib_shutdown_cpp_1                  0x08000143   Thumb Code     0  libshutdown2.o(.ARM.Collect$$libshutdown$$00000002)
    __rt_lib_shutdown_fp_trap_1              0x08000143   Thumb Code     0  libshutdown2.o(.ARM.Collect$$libshutdown$$00000007)
    __rt_lib_shutdown_heap_1                 0x08000143   Thumb Code     0  libshutdown2.o(.ARM.Collect$$libshutdown$$0000000F)
    __rt_lib_shutdown_return                 0x08000143   Thumb Code     0  libshutdown2.o(.ARM.Collect$$libshutdown$$00000010)
    __rt_lib_shutdown_signal_1               0x08000143   Thumb Code     0  libshutdown2.o(.ARM.Collect$$libshutdown$$0000000A)
    __rt_lib_shutdown_stdio_1                0x08000143   Thumb Code     0  libshutdown2.o(.ARM.Collect$$libshutdown$$00000004)
    __rt_lib_shutdown_user_alloc_1           0x08000143   Thumb Code     0  libshutdown2.o(.ARM.Collect$$libshutdown$$0000000C)
    __rt_entry                               0x08000145   Thumb Code     0  __rtentry.o(.ARM.Collect$$rtentry$$00000000)
    __rt_entry_presh_1                       0x08000145   Thumb Code     0  __rtentry2.o(.ARM.Collect$$rtentry$$00000002)
    __rt_entry_sh                            0x08000145   Thumb Code     0  __rtentry4.o(.ARM.Collect$$rtentry$$00000004)
    __rt_entry_postsh_1                      0x0800014b   Thumb Code     0  __rtentry2.o(.ARM.Collect$$rtentry$$00000008)
    __rt_entry_li                            0x08000153   Thumb Code     0  __rtentry2.o(.ARM.Collect$$rtentry$$0000000A)
    __rt_entry_main                          0x08000157   Thumb Code     0  __rtentry2.o(.ARM.Collect$$rtentry$$0000000D)
    __rt_entry_postli_1                      0x08000157   Thumb Code     0  __rtentry2.o(.ARM.Collect$$rtentry$$0000000C)
    __rt_exit                                0x0800015f   Thumb Code     0  rtexit.o(.ARM.Collect$$rtexit$$00000000)
    __rt_exit_ls                             0x08000161   Thumb Code     0  rtexit2.o(.ARM.Collect$$rtexit$$00000003)
    __rt_exit_prels_1                        0x08000161   Thumb Code     0  rtexit2.o(.ARM.Collect$$rtexit$$00000002)
    __rt_exit_exit                           0x08000165   Thumb Code     0  rtexit2.o(.ARM.Collect$$rtexit$$00000004)
    __aeabi_memcpy4                          0x0800016d   Thumb Code    56  rt_memcpy.o(.emb_text)
    __aeabi_memcpy8                          0x0800016d   Thumb Code     0  rt_memcpy.o(.emb_text)
    Reset_Handler                            0x080001a5   Thumb Code     8  startup_stm32g030xx.o(.text)
    ADC1_IRQHandler                          0x080001b7   Thumb Code     0  startup_stm32g030xx.o(.text)
    DMA1_Ch4_5_DMAMUX1_OVR_IRQHandler        0x080001b7   Thumb Code     0  startup_stm32g030xx.o(.text)
    DMA1_Channel1_IRQHandler                 0x080001b7   Thumb Code     0  startup_stm32g030xx.o(.text)
    DMA1_Channel2_3_IRQHandler               0x080001b7   Thumb Code     0  startup_stm32g030xx.o(.text)
    EXTI0_1_IRQHandler                       0x080001b7   Thumb Code     0  startup_stm32g030xx.o(.text)
    EXTI2_3_IRQHandler                       0x080001b7   Thumb Code     0  startup_stm32g030xx.o(.text)
    EXTI4_15_IRQHandler                      0x080001b7   Thumb Code     0  startup_stm32g030xx.o(.text)
    FLASH_IRQHandler                         0x080001b7   Thumb Code     0  startup_stm32g030xx.o(.text)
    I2C1_IRQHandler                          0x080001b7   Thumb Code     0  startup_stm32g030xx.o(.text)
    I2C2_IRQHandler                          0x080001b7   Thumb Code     0  startup_stm32g030xx.o(.text)
    RCC_IRQHandler                           0x080001b7   Thumb Code     0  startup_stm32g030xx.o(.text)
    RTC_TAMP_IRQHandler                      0x080001b7   Thumb Code     0  startup_stm32g030xx.o(.text)
    SPI1_IRQHandler                          0x080001b7   Thumb Code     0  startup_stm32g030xx.o(.text)
    SPI2_IRQHandler                          0x080001b7   Thumb Code     0  startup_stm32g030xx.o(.text)
    TIM14_IRQHandler                         0x080001b7   Thumb Code     0  startup_stm32g030xx.o(.text)
    TIM16_IRQHandler                         0x080001b7   Thumb Code     0  startup_stm32g030xx.o(.text)
    TIM17_IRQHandler                         0x080001b7   Thumb Code     0  startup_stm32g030xx.o(.text)
    TIM1_BRK_UP_TRG_COM_IRQHandler           0x080001b7   Thumb Code     0  startup_stm32g030xx.o(.text)
    TIM1_CC_IRQHandler                       0x080001b7   Thumb Code     0  startup_stm32g030xx.o(.text)
    TIM3_IRQHandler                          0x080001b7   Thumb Code     0  startup_stm32g030xx.o(.text)
    USART1_IRQHandler                        0x080001b7   Thumb Code     0  startup_stm32g030xx.o(.text)
    USART2_IRQHandler                        0x080001b7   Thumb Code     0  startup_stm32g030xx.o(.text)
    WWDG_IRQHandler                          0x080001b7   Thumb Code     0  startup_stm32g030xx.o(.text)
    __user_initial_stackheap                 0x080001b9   Thumb Code     0  startup_stm32g030xx.o(.text)
    SVC_Handler                              0x080001dd   Thumb Code   132  irq_armv6m.o(.text)
    PendSV_Handler                           0x08000261   Thumb Code    12  irq_armv6m.o(.text)
    SysTick_Handler                          0x0800026d   Thumb Code    12  irq_armv6m.o(.text)
    __aeabi_memcpy                           0x08000281   Thumb Code   130  rt_memcpy.o(.text)
    __rt_memcpy                              0x08000281   Thumb Code     0  rt_memcpy.o(.text)
    _memset_w                                0x08000303   Thumb Code    26  rt_memclr.o(.text)
    _memset                                  0x0800031d   Thumb Code    30  rt_memclr.o(.text)
    __aeabi_memclr                           0x0800033b   Thumb Code     4  rt_memclr.o(.text)
    __rt_memclr                              0x0800033b   Thumb Code     0  rt_memclr.o(.text)
    __aeabi_memclr4                          0x0800033f   Thumb Code     0  rt_memclr.o(.text)
    __aeabi_memclr8                          0x0800033f   Thumb Code     0  rt_memclr.o(.text)
    __rt_memclr_w                            0x0800033f   Thumb Code     4  rt_memclr.o(.text)
    __use_two_region_memory                  0x08000343   Thumb Code     2  heapauxi.o(.text)
    __rt_heap_escrow$2region                 0x08000345   Thumb Code     2  heapauxi.o(.text)
    __rt_heap_expand$2region                 0x08000347   Thumb Code     2  heapauxi.o(.text)
    __user_setup_stackheap                   0x08000349   Thumb Code    62  sys_stackheap_outer.o(.text)
    exit                                     0x08000387   Thumb Code    16  exit.o(.text)
    __user_libspace                          0x08000399   Thumb Code     8  libspace.o(.text)
    __user_perproc_libspace                  0x08000399   Thumb Code     0  libspace.o(.text)
    _sys_exit                                0x080003a1   Thumb Code     8  sys_exit.o(.text)
    __I$use$semihosting                      0x080003ad   Thumb Code     0  use_no_semi.o(.text)
    __use_no_semihosting_swi                 0x080003ad   Thumb Code     2  use_no_semi.o(.text)
    __semihosting_library_function           0x080003af   Thumb Code     0  indicate_semi.o(.text)
    ADC_Read                                 0x080003b1   Thumb Code    52  main.o(.text.ADC_Read)
    HardFault_Handler                        0x080003f5   Thumb Code     2  stm32g0xx_it.o(.text.HardFault_Handler)
    LED_PWM                                  0x080003f9   Thumb Code    56  main.o(.text.LED_PWM)
    LL_ADC_Init                              0x08000435   Thumb Code    48  stm32g0xx_ll_adc.o(.text.LL_ADC_Init)
    LL_ADC_REG_Init                          0x08000469   Thumb Code   100  stm32g0xx_ll_adc.o(.text.LL_ADC_REG_Init)
    LL_GPIO_Init                             0x080004d1   Thumb Code   190  stm32g0xx_ll_gpio.o(.text.LL_GPIO_Init)
    LL_Init1msTick                           0x08000591   Thumb Code    28  stm32g0xx_ll_utils.o(.text.LL_Init1msTick)
    LL_SetSystemCoreClock                    0x080005b1   Thumb Code     8  stm32g0xx_ll_utils.o(.text.LL_SetSystemCoreClock)
    LL_TIM_BDTR_Init                         0x080005bd   Thumb Code   116  stm32g0xx_ll_tim.o(.text.LL_TIM_BDTR_Init)
    LL_TIM_Init                              0x0800064d   Thumb Code   120  stm32g0xx_ll_tim.o(.text.LL_TIM_Init)
    LL_TIM_OC_Init                           0x080006d1   Thumb Code   716  stm32g0xx_ll_tim.o(.text.LL_TIM_OC_Init)
    MX_ADC1_Init                             0x080009c5   Thumb Code   256  adc.o(.text.MX_ADC1_Init)
    MX_GPIO_Init                             0x08000ad9   Thumb Code    80  gpio.o(.text.MX_GPIO_Init)
    MX_TIM16_Init                            0x08000b29   Thumb Code   220  tim.o(.text.MX_TIM16_Init)
    MX_TIM1_Init                             0x08000c09   Thumb Code   268  tim.o(.text.MX_TIM1_Init)
    NMI_Handler                              0x08000de3   Thumb Code     2  stm32g0xx_it.o(.text.NMI_Handler)
    OS_Tick_AcknowledgeIRQ                   0x08000de5   Thumb Code     8  os_systick.o(.text.OS_Tick_AcknowledgeIRQ)
    OS_Tick_Enable                           0x08000ded   Thumb Code    32  os_systick.o(.text.OS_Tick_Enable)
    OS_Tick_GetIRQn                          0x08000e11   Thumb Code     6  os_systick.o(.text.OS_Tick_GetIRQn)
    OS_Tick_Setup                            0x08000e19   Thumb Code    60  os_systick.o(.text.OS_Tick_Setup)
    SystemClock_Config                       0x08000e61   Thumb Code   140  main.o(.text.SystemClock_Config)
    SystemInit                               0x08000f01   Thumb Code     2  system_stm32g0xx.o(.text.SystemInit)
    TIM16_StartPWM                           0x08000f05   Thumb Code    28  tim.o(.text.TIM16_StartPWM)
    TIM1_StartPWM                            0x08000f25   Thumb Code    28  tim.o(.text.TIM1_StartPWM)
    _mutex_acquire                           0x08000fd9   Thumb Code    44  rtx_lib.o(.text._mutex_acquire)
    _mutex_free                              0x08001005   Thumb Code    10  rtx_lib.o(.text._mutex_free)
    _mutex_initialize                        0x0800100f   Thumb Code    34  rtx_lib.o(.text._mutex_initialize)
    _mutex_release                           0x08001031   Thumb Code    40  rtx_lib.o(.text._mutex_release)
    _platform_post_stackheap_init            0x0800105d   Thumb Code     8  rtx_lib.o(.text._platform_post_stackheap_init)
    app_main                                 0x08001065   Thumb Code    36  main.o(.text.app_main)
    main                                     0x080010a1   Thumb Code   128  main.o(.text.main)
    osDelay                                  0x0800113d   Thumb Code    36  rtx_delay.o(.text.osDelay)
    osKernelGetState                         0x08001165   Thumb Code    40  rtx_kernel.o(.text.osKernelGetState)
    osKernelInitialize                       0x08001195   Thumb Code    36  rtx_kernel.o(.text.osKernelInitialize)
    osKernelStart                            0x080011bd   Thumb Code    32  rtx_kernel.o(.text.osKernelStart)
    osMessageQueueGet                        0x080011e1   Thumb Code   112  rtx_msgqueue.o(.text.osMessageQueueGet)
    osMessageQueuePut                        0x08001255   Thumb Code   112  rtx_msgqueue.o(.text.osMessageQueuePut)
    osMutexAcquire                           0x080012c9   Thumb Code    36  rtx_mutex.o(.text.osMutexAcquire)
    osMutexDelete                            0x080012f1   Thumb Code    36  rtx_mutex.o(.text.osMutexDelete)
    osMutexNew                               0x08001319   Thumb Code    32  rtx_mutex.o(.text.osMutexNew)
    osMutexRelease                           0x0800133d   Thumb Code    36  rtx_mutex.o(.text.osMutexRelease)
    osRtxErrorNotify                         0x08001365   Thumb Code     2  rtx_config.o(.text.osRtxErrorNotify)
    osRtxIdleThread                          0x08001367   Thumb Code     2  rtx_config.o(.text.osRtxIdleThread)
    osRtxKernelErrorNotify                   0x08001369   Thumb Code     8  rtx_kernel.o(.text.osRtxKernelErrorNotify)
    osRtxKernelPreInit                       0x08001371   Thumb Code     2  rtx_kernel.o(.text.osRtxKernelPreInit)
    osRtxMemoryAlloc                         0x08001373   Thumb Code   120  rtx_memory.o(.text.osRtxMemoryAlloc)
    osRtxMemoryFree                          0x080013eb   Thumb Code    78  rtx_memory.o(.text.osRtxMemoryFree)
    osRtxMemoryInit                          0x08001439   Thumb Code    46  rtx_memory.o(.text.osRtxMemoryInit)
    osRtxMemoryPoolAlloc                     0x08001467   Thumb Code    42  rtx_mempool.o(.text.osRtxMemoryPoolAlloc)
    osRtxMemoryPoolFree                      0x08001491   Thumb Code    54  rtx_mempool.o(.text.osRtxMemoryPoolFree)
    osRtxMemoryPoolInit                      0x080014c7   Thumb Code    60  rtx_mempool.o(.text.osRtxMemoryPoolInit)
    osRtxMessageQueueTimerSetup              0x080015c1   Thumb Code    32  rtx_msgqueue.o(.text.osRtxMessageQueueTimerSetup)
    osRtxMutexOwnerRelease                   0x080015e5   Thumb Code    68  rtx_mutex.o(.text.osRtxMutexOwnerRelease)
    osRtxMutexOwnerRestore                   0x08001629   Thumb Code    70  rtx_mutex.o(.text.osRtxMutexOwnerRestore)
    osRtxPendSV_Handler                      0x08001671   Thumb Code   128  rtx_system.o(.text.osRtxPendSV_Handler)
    osRtxPostProcess                         0x080016f1   Thumb Code   104  rtx_system.o(.text.osRtxPostProcess)
    osRtxThreadDelayTick                     0x08001861   Thumb Code    84  rtx_thread.o(.text.osRtxThreadDelayTick)
    osRtxThreadDispatch                      0x080018dd   Thumb Code    76  rtx_thread.o(.text.osRtxThreadDispatch)
    osRtxThreadListGet                       0x0800199d   Thumb Code    20  rtx_thread.o(.text.osRtxThreadListGet)
    osRtxThreadListPut                       0x080019b1   Thumb Code    44  rtx_thread.o(.text.osRtxThreadListPut)
    osRtxThreadListRemove                    0x080019dd   Thumb Code    24  rtx_thread.o(.text.osRtxThreadListRemove)
    osRtxThreadListSort                      0x080019f5   Thumb Code    36  rtx_thread.o(.text.osRtxThreadListSort)
    osRtxThreadReadyPut                      0x08001a41   Thumb Code    20  rtx_thread.o(.text.osRtxThreadReadyPut)
    osRtxThreadRegPtr                        0x08001a55   Thumb Code     6  rtx_thread.o(.text.osRtxThreadRegPtr)
    osRtxThreadStartup                       0x08001a5d   Thumb Code    56  rtx_thread.o(.text.osRtxThreadStartup)
    osRtxThreadSwitch                        0x08001a99   Thumb Code    12  rtx_thread.o(.text.osRtxThreadSwitch)
    osRtxThreadWaitEnter                     0x08001aa9   Thumb Code    60  rtx_thread.o(.text.osRtxThreadWaitEnter)
    osRtxThreadWaitExit                      0x08001ae9   Thumb Code    34  rtx_thread.o(.text.osRtxThreadWaitExit)
    osRtxTick_Handler                        0x08001b0d   Thumb Code   124  rtx_system.o(.text.osRtxTick_Handler)
    osRtxTimerSetup                          0x08001b8d   Thumb Code    28  rtx_timer.o(.text.osRtxTimerSetup)
    osRtxTimerThread                         0x08001bb1   Thumb Code    28  rtx_timer.o(.text.osRtxTimerThread)
    osThreadExit                             0x08001c41   Thumb Code     8  rtx_thread.o(.text.osThreadExit)
    osThreadNew                              0x08001c4d   Thumb Code    32  rtx_thread.o(.text.osThreadNew)
    __aeabi_uidiv                            0x0800264d   Thumb Code    68  aeabi_sdivfast.o(.text_divfast)
    __aeabi_idiv                             0x08002691   Thumb Code   434  aeabi_sdivfast.o(.text_divfast)
    osRtxConfig                              0x08002844   Data         112  rtx_lib.o(.rodata)
    os_cb_sections                           0x080028b4   Data          56  rtx_lib.o(.rodata)
    osRtxUserSVC                             0x08002958   Data           4  rtx_lib.o(.rodata.osRtxUserSVC)
    Region$$Table$$Base                      0x080029e4   Number         0  anon$$obj.o(Region$$Table)
    Region$$Table$$Limit                     0x08002a04   Number         0  anon$$obj.o(Region$$Table)
    SystemCoreClock                          0x20000000   Data           4  system_stm32g0xx.o(.data.SystemCoreClock)
    osRtxInfo                                0x20000004   Data         164  rtx_kernel.o(.data.os)
    __libspace_start                         0x200000a8   Data          96  libspace.o(.bss)
    ADC_Read_ID                              0x20000108   Data           4  main.o(.bss.ADC_Read_ID)
    __temporary_stack_top$libspace           0x20000108   Data           0  libspace.o(.bss)
    ADC_Value                                0x2000010c   Data           2  main.o(.bss.ADC_Value)
    LED_PWM_ID                               0x20000110   Data           4  main.o(.bss.LED_PWM_ID)
    app_main_ID                              0x20000114   Data           4  main.o(.bss.app_main_ID)
    .bss.os.msgqueue.cb$$Base                0x2000115c   Number         0  rtx_lib.o(.bss.os.msgqueue.cb)
    .bss.os.msgqueue.cb$$Limit               0x20001190   Number         0  rtx_lib.o(.bss.os.msgqueue.cb)
    .bss.os.thread.cb$$Base                  0x200011e0   Number         0  rtx_lib.o(.bss.os.thread.cb)
    .bss.os.thread.cb$$Limit                 0x20001268   Number         0  rtx_lib.o(.bss.os.thread.cb)



==============================================================================

Memory Map of the image

  Image Entry point : 0x080000c1

  Load Region LR_IROM1 (Base: 0x08000000, Size: 0x00002ab0, Max: 0x00008000, ABSOLUTE)

    Execution Region ER_IROM1 (Exec base: 0x08000000, Load base: 0x08000000, Size: 0x00002a04, Max: 0x00008000, ABSOLUTE)

    Exec Addr    Load Addr    Size         Type   Attr      Idx    E Section Name        Object

    0x08000000   0x08000000   0x000000c0   Data   RO            3    RESET               startup_stm32g030xx.o
    0x080000c0   0x080000c0   0x00000008   Code   RO          780  * !!!main             c_p.l(__main.o)
    0x080000c8   0x080000c8   0x0000003c   Code   RO          955    !!!scatter          c_p.l(__scatter.o)
    0x08000104   0x08000104   0x0000001a   Code   RO          957    !!handler_copy      c_p.l(__scatter_copy.o)
    0x0800011e   0x0800011e   0x00000002   PAD
    0x08000120   0x08000120   0x0000001c   Code   RO          959    !!handler_zi        c_p.l(__scatter_zi.o)
    0x0800013c   0x0800013c   0x00000002   Code   RO          816    .ARM.Collect$$libinit$$00000000  c_p.l(libinit.o)
    0x0800013e   0x0800013e   0x00000000   Code   RO          830    .ARM.Collect$$libinit$$00000002  c_p.l(libinit2.o)
    0x0800013e   0x0800013e   0x00000000   Code   RO          832    .ARM.Collect$$libinit$$00000004  c_p.l(libinit2.o)
    0x0800013e   0x0800013e   0x00000000   Code   RO          834    .ARM.Collect$$libinit$$00000006  c_p.l(libinit2.o)
    0x0800013e   0x0800013e   0x00000000   Code   RO          837    .ARM.Collect$$libinit$$0000000C  c_p.l(libinit2.o)
    0x0800013e   0x0800013e   0x00000000   Code   RO          839    .ARM.Collect$$libinit$$0000000E  c_p.l(libinit2.o)
    0x0800013e   0x0800013e   0x00000000   Code   RO          841    .ARM.Collect$$libinit$$00000010  c_p.l(libinit2.o)
    0x0800013e   0x0800013e   0x00000000   Code   RO          844    .ARM.Collect$$libinit$$00000013  c_p.l(libinit2.o)
    0x0800013e   0x0800013e   0x00000000   Code   RO          846    .ARM.Collect$$libinit$$00000015  c_p.l(libinit2.o)
    0x0800013e   0x0800013e   0x00000000   Code   RO          848    .ARM.Collect$$libinit$$00000017  c_p.l(libinit2.o)
    0x0800013e   0x0800013e   0x00000000   Code   RO          850    .ARM.Collect$$libinit$$00000019  c_p.l(libinit2.o)
    0x0800013e   0x0800013e   0x00000000   Code   RO          852    .ARM.Collect$$libinit$$0000001B  c_p.l(libinit2.o)
    0x0800013e   0x0800013e   0x00000000   Code   RO          854    .ARM.Collect$$libinit$$0000001D  c_p.l(libinit2.o)
    0x0800013e   0x0800013e   0x00000000   Code   RO          856    .ARM.Collect$$libinit$$0000001F  c_p.l(libinit2.o)
    0x0800013e   0x0800013e   0x00000000   Code   RO          858    .ARM.Collect$$libinit$$00000021  c_p.l(libinit2.o)
    0x0800013e   0x0800013e   0x00000000   Code   RO          860    .ARM.Collect$$libinit$$00000023  c_p.l(libinit2.o)
    0x0800013e   0x0800013e   0x00000000   Code   RO          862    .ARM.Collect$$libinit$$00000025  c_p.l(libinit2.o)
    0x0800013e   0x0800013e   0x00000000   Code   RO          864    .ARM.Collect$$libinit$$00000027  c_p.l(libinit2.o)
    0x0800013e   0x0800013e   0x00000000   Code   RO          868    .ARM.Collect$$libinit$$0000002E  c_p.l(libinit2.o)
    0x0800013e   0x0800013e   0x00000000   Code   RO          870    .ARM.Collect$$libinit$$00000030  c_p.l(libinit2.o)
    0x0800013e   0x0800013e   0x00000000   Code   RO          872    .ARM.Collect$$libinit$$00000032  c_p.l(libinit2.o)
    0x0800013e   0x0800013e   0x00000000   Code   RO          874    .ARM.Collect$$libinit$$00000034  c_p.l(libinit2.o)
    0x0800013e   0x0800013e   0x00000002   Code   RO          875    .ARM.Collect$$libinit$$00000035  c_p.l(libinit2.o)
    0x08000140   0x08000140   0x00000002   Code   RO          910    .ARM.Collect$$libshutdown$$00000000  c_p.l(libshutdown.o)
    0x08000142   0x08000142   0x00000000   Code   RO          938    .ARM.Collect$$libshutdown$$00000002  c_p.l(libshutdown2.o)
    0x08000142   0x08000142   0x00000000   Code   RO          940    .ARM.Collect$$libshutdown$$00000004  c_p.l(libshutdown2.o)
    0x08000142   0x08000142   0x00000000   Code   RO          943    .ARM.Collect$$libshutdown$$00000007  c_p.l(libshutdown2.o)
    0x08000142   0x08000142   0x00000000   Code   RO          946    .ARM.Collect$$libshutdown$$0000000A  c_p.l(libshutdown2.o)
    0x08000142   0x08000142   0x00000000   Code   RO          948    .ARM.Collect$$libshutdown$$0000000C  c_p.l(libshutdown2.o)
    0x08000142   0x08000142   0x00000000   Code   RO          951    .ARM.Collect$$libshutdown$$0000000F  c_p.l(libshutdown2.o)
    0x08000142   0x08000142   0x00000002   Code   RO          952    .ARM.Collect$$libshutdown$$00000010  c_p.l(libshutdown2.o)
    0x08000144   0x08000144   0x00000000   Code   RO          782    .ARM.Collect$$rtentry$$00000000  c_p.l(__rtentry.o)
    0x08000144   0x08000144   0x00000000   Code   RO          788    .ARM.Collect$$rtentry$$00000002  c_p.l(__rtentry2.o)
    0x08000144   0x08000144   0x00000006   Code   RO          800    .ARM.Collect$$rtentry$$00000004  c_p.l(__rtentry4.o)
    0x0800014a   0x0800014a   0x00000008   Code   RO          789    .ARM.Collect$$rtentry$$00000008  c_p.l(__rtentry2.o)
    0x08000152   0x08000152   0x00000004   Code   RO          791    .ARM.Collect$$rtentry$$0000000A  c_p.l(__rtentry2.o)
    0x08000156   0x08000156   0x00000000   Code   RO          793    .ARM.Collect$$rtentry$$0000000C  c_p.l(__rtentry2.o)
    0x08000156   0x08000156   0x00000008   Code   RO          794    .ARM.Collect$$rtentry$$0000000D  c_p.l(__rtentry2.o)
    0x0800015e   0x0800015e   0x00000002   Code   RO          821    .ARM.Collect$$rtexit$$00000000  c_p.l(rtexit.o)
    0x08000160   0x08000160   0x00000000   Code   RO          881    .ARM.Collect$$rtexit$$00000002  c_p.l(rtexit2.o)
    0x08000160   0x08000160   0x00000004   Code   RO          882    .ARM.Collect$$rtexit$$00000003  c_p.l(rtexit2.o)
    0x08000164   0x08000164   0x00000006   Code   RO          883    .ARM.Collect$$rtexit$$00000004  c_p.l(rtexit2.o)
    0x0800016a   0x0800016a   0x00000002   PAD
    0x0800016c   0x0800016c   0x00000038   Code   RO          764    .emb_text           c_p.l(rt_memcpy.o)
    0x080001a4   0x080001a4   0x00000038   Code   RO            4    .text               startup_stm32g030xx.o
    0x080001dc   0x080001dc   0x000000a4   Code   RO          590    .text               RTX_CM0.lib(irq_armv6m.o)
    0x08000280   0x08000280   0x00000082   Code   RO          765    .text               c_p.l(rt_memcpy.o)
    0x08000302   0x08000302   0x00000040   Code   RO          768    .text               c_p.l(rt_memclr.o)
    0x08000342   0x08000342   0x00000006   Code   RO          778    .text               c_p.l(heapauxi.o)
    0x08000348   0x08000348   0x0000003e   Code   RO          804    .text               c_p.l(sys_stackheap_outer.o)
    0x08000386   0x08000386   0x00000010   Code   RO          807    .text               c_p.l(exit.o)
    0x08000396   0x08000396   0x00000002   PAD
    0x08000398   0x08000398   0x00000008   Code   RO          817    .text               c_p.l(libspace.o)
    0x080003a0   0x080003a0   0x0000000c   Code   RO          876    .text               c_p.l(sys_exit.o)
    0x080003ac   0x080003ac   0x00000002   Code   RO          899    .text               c_p.l(use_no_semi.o)
    0x080003ae   0x080003ae   0x00000000   Code   RO          901    .text               c_p.l(indicate_semi.o)
    0x080003ae   0x080003ae   0x00000002   PAD
    0x080003b0   0x080003b0   0x00000044   Code   RO           13    .text.ADC_Read      main.o
    0x080003f4   0x080003f4   0x00000002   Code   RO           73    .text.HardFault_Handler  stm32g0xx_it.o
    0x080003f6   0x080003f6   0x00000002   PAD
    0x080003f8   0x080003f8   0x0000003c   Code   RO           11    .text.LED_PWM       main.o
    0x08000434   0x08000434   0x00000034   Code   RO          140    .text.LL_ADC_Init   stm32g0xx_ll_adc.o
    0x08000468   0x08000468   0x00000068   Code   RO          144    .text.LL_ADC_REG_Init  stm32g0xx_ll_adc.o
    0x080004d0   0x080004d0   0x000000be   Code   RO          120    .text.LL_GPIO_Init  stm32g0xx_ll_gpio.o
    0x0800058e   0x0800058e   0x00000002   PAD
    0x08000590   0x08000590   0x00000020   Code   RO           82    .text.LL_Init1msTick  stm32g0xx_ll_utils.o
    0x080005b0   0x080005b0   0x0000000c   Code   RO           86    .text.LL_SetSystemCoreClock  stm32g0xx_ll_utils.o
    0x080005bc   0x080005bc   0x00000090   Code   RO          224    .text.LL_TIM_BDTR_Init  stm32g0xx_ll_tim.o
    0x0800064c   0x0800064c   0x00000084   Code   RO          204    .text.LL_TIM_Init   stm32g0xx_ll_tim.o
    0x080006d0   0x080006d0   0x000002f4   Code   RO          208    .text.LL_TIM_OC_Init  stm32g0xx_ll_tim.o
    0x080009c4   0x080009c4   0x00000114   Code   RO           48    .text.MX_ADC1_Init  adc.o
    0x08000ad8   0x08000ad8   0x00000050   Code   RO           40    .text.MX_GPIO_Init  gpio.o
    0x08000b28   0x08000b28   0x000000e0   Code   RO           58    .text.MX_TIM16_Init  tim.o
    0x08000c08   0x08000c08   0x0000011c   Code   RO           56    .text.MX_TIM1_Init  tim.o
    0x08000d24   0x08000d24   0x00000042   Code   RO          706    .text.MessageQueueGet  RTX_CM0.lib(rtx_msgqueue.o)
    0x08000d66   0x08000d66   0x0000005e   Code   RO          700    .text.MessageQueuePut  RTX_CM0.lib(rtx_msgqueue.o)
    0x08000dc4   0x08000dc4   0x0000001e   Code   RO          698    .text.MessageQueueRemove  RTX_CM0.lib(rtx_msgqueue.o)
    0x08000de2   0x08000de2   0x00000002   Code   RO           71    .text.NMI_Handler   stm32g0xx_it.o
    0x08000de4   0x08000de4   0x00000008   Code   RO          742    .text.OS_Tick_AcknowledgeIRQ  RTX_CM0.lib(os_systick.o)
    0x08000dec   0x08000dec   0x00000024   Code   RO          738    .text.OS_Tick_Enable  RTX_CM0.lib(os_systick.o)
    0x08000e10   0x08000e10   0x00000006   Code   RO          744    .text.OS_Tick_GetIRQn  RTX_CM0.lib(os_systick.o)
    0x08000e16   0x08000e16   0x00000002   PAD
    0x08000e18   0x08000e18   0x00000048   Code   RO          736    .text.OS_Tick_Setup  RTX_CM0.lib(os_systick.o)
    0x08000e60   0x08000e60   0x000000a0   Code   RO           19    .text.SystemClock_Config  main.o
    0x08000f00   0x08000f00   0x00000002   Code   RO          234    .text.SystemInit    system_stm32g0xx.o
    0x08000f02   0x08000f02   0x00000002   PAD
    0x08000f04   0x08000f04   0x00000020   Code   RO           60    .text.TIM16_StartPWM  tim.o
    0x08000f24   0x08000f24   0x00000020   Code   RO           62    .text.TIM1_StartPWM  tim.o
    0x08000f44   0x08000f44   0x0000004a   Code   RO          441    .text.ThreadFlagsCheck  RTX_CM0.lib(rtx_thread.o)
    0x08000f8e   0x08000f8e   0x00000002   PAD
    0x08000f90   0x08000f90   0x00000048   Code   RO          531    .text.TimerInsert   RTX_CM0.lib(rtx_timer.o)
    0x08000fd8   0x08000fd8   0x0000002c   Code   RO          255    .text._mutex_acquire  rtx_lib.o
    0x08001004   0x08001004   0x0000000a   Code   RO          259    .text._mutex_free   rtx_lib.o
    0x0800100e   0x0800100e   0x00000022   Code   RO          253    .text._mutex_initialize  rtx_lib.o
    0x08001030   0x08001030   0x0000002c   Code   RO          257    .text._mutex_release  rtx_lib.o
    0x0800105c   0x0800105c   0x00000008   Code   RO          249    .text._platform_post_stackheap_init  rtx_lib.o
    0x08001064   0x08001064   0x0000003c   Code   RO           15    .text.app_main      main.o
    0x080010a0   0x080010a0   0x0000009c   Code   RO           17    .text.main          main.o
    0x0800113c   0x0800113c   0x00000028   Code   RO          497    .text.osDelay       RTX_CM0.lib(rtx_delay.o)
    0x08001164   0x08001164   0x00000030   Code   RO          305    .text.osKernelGetState  RTX_CM0.lib(rtx_kernel.o)
    0x08001194   0x08001194   0x00000028   Code   RO          299    .text.osKernelInitialize  RTX_CM0.lib(rtx_kernel.o)
    0x080011bc   0x080011bc   0x00000024   Code   RO          309    .text.osKernelStart  RTX_CM0.lib(rtx_kernel.o)
    0x080011e0   0x080011e0   0x00000074   Code   RO          674    .text.osMessageQueueGet  RTX_CM0.lib(rtx_msgqueue.o)
    0x08001254   0x08001254   0x00000074   Code   RO          672    .text.osMessageQueuePut  RTX_CM0.lib(rtx_msgqueue.o)
    0x080012c8   0x080012c8   0x00000028   Code   RO          563    .text.osMutexAcquire  RTX_CM0.lib(rtx_mutex.o)
    0x080012f0   0x080012f0   0x00000028   Code   RO          569    .text.osMutexDelete  RTX_CM0.lib(rtx_mutex.o)
    0x08001318   0x08001318   0x00000024   Code   RO          559    .text.osMutexNew    RTX_CM0.lib(rtx_mutex.o)
    0x0800133c   0x0800133c   0x00000028   Code   RO          565    .text.osMutexRelease  RTX_CM0.lib(rtx_mutex.o)
    0x08001364   0x08001364   0x00000002   Code   RO          286    .text.osRtxErrorNotify  rtx_config.o
    0x08001366   0x08001366   0x00000002   Code   RO          284    .text.osRtxIdleThread  rtx_config.o
    0x08001368   0x08001368   0x00000008   Code   RO          297    .text.osRtxKernelErrorNotify  RTX_CM0.lib(rtx_kernel.o)
    0x08001370   0x08001370   0x00000002   Code   RO          295    .text.osRtxKernelPreInit  RTX_CM0.lib(rtx_kernel.o)
    0x08001372   0x08001372   0x00000078   Code   RO          600    .text.osRtxMemoryAlloc  RTX_CM0.lib(rtx_memory.o)
    0x080013ea   0x080013ea   0x0000004e   Code   RO          602    .text.osRtxMemoryFree  RTX_CM0.lib(rtx_memory.o)
    0x08001438   0x08001438   0x0000002e   Code   RO          598    .text.osRtxMemoryInit  RTX_CM0.lib(rtx_memory.o)
    0x08001466   0x08001466   0x0000002a   Code   RO          614    .text.osRtxMemoryPoolAlloc  RTX_CM0.lib(rtx_mempool.o)
    0x08001490   0x08001490   0x00000036   Code   RO          616    .text.osRtxMemoryPoolFree  RTX_CM0.lib(rtx_mempool.o)
    0x080014c6   0x080014c6   0x0000003c   Code   RO          612    .text.osRtxMemoryPoolInit  RTX_CM0.lib(rtx_mempool.o)
    0x08001502   0x08001502   0x000000bc   Code   RO          696    .text.osRtxMessageQueuePostProcess  RTX_CM0.lib(rtx_msgqueue.o)
    0x080015be   0x080015be   0x00000002   PAD
    0x080015c0   0x080015c0   0x00000024   Code   RO          664    .text.osRtxMessageQueueTimerSetup  RTX_CM0.lib(rtx_msgqueue.o)
    0x080015e4   0x080015e4   0x00000044   Code   RO          555    .text.osRtxMutexOwnerRelease  RTX_CM0.lib(rtx_mutex.o)
    0x08001628   0x08001628   0x00000046   Code   RO          557    .text.osRtxMutexOwnerRestore  RTX_CM0.lib(rtx_mutex.o)
    0x0800166e   0x0800166e   0x00000002   PAD
    0x08001670   0x08001670   0x00000080   Code   RO          724    .text.osRtxPendSV_Handler  RTX_CM0.lib(rtx_system.o)
    0x080016f0   0x080016f0   0x0000006c   Code   RO          726    .text.osRtxPostProcess  RTX_CM0.lib(rtx_system.o)
    0x0800175c   0x0800175c   0x00000034   Code   RO          381    .text.osRtxThreadBlock  RTX_CM0.lib(rtx_thread.o)
    0x08001790   0x08001790   0x0000008c   Code   RO          389    .text.osRtxThreadDelayInsert  RTX_CM0.lib(rtx_thread.o)
    0x0800181c   0x0800181c   0x00000044   Code   RO          385    .text.osRtxThreadDelayRemove  RTX_CM0.lib(rtx_thread.o)
    0x08001860   0x08001860   0x00000054   Code   RO          373    .text.osRtxThreadDelayTick  RTX_CM0.lib(rtx_thread.o)
    0x080018b4   0x080018b4   0x00000028   Code   RO          473    .text.osRtxThreadDestroy  RTX_CM0.lib(rtx_thread.o)
    0x080018dc   0x080018dc   0x0000004c   Code   RO          379    .text.osRtxThreadDispatch  RTX_CM0.lib(rtx_thread.o)
    0x08001928   0x08001928   0x00000054   Code   RO          465    .text.osRtxThreadFree  RTX_CM0.lib(rtx_thread.o)
    0x0800197c   0x0800197c   0x00000020   Code   RO          471    .text.osRtxThreadJoinWakeup  RTX_CM0.lib(rtx_thread.o)
    0x0800199c   0x0800199c   0x00000014   Code   RO          365    .text.osRtxThreadListGet  RTX_CM0.lib(rtx_thread.o)
    0x080019b0   0x080019b0   0x0000002c   Code   RO          363    .text.osRtxThreadListPut  RTX_CM0.lib(rtx_thread.o)
    0x080019dc   0x080019dc   0x00000018   Code   RO          369    .text.osRtxThreadListRemove  RTX_CM0.lib(rtx_thread.o)
    0x080019f4   0x080019f4   0x00000024   Code   RO          367    .text.osRtxThreadListSort  RTX_CM0.lib(rtx_thread.o)
    0x08001a18   0x08001a18   0x00000026   Code   RO          439    .text.osRtxThreadPostProcess  RTX_CM0.lib(rtx_thread.o)
    0x08001a3e   0x08001a3e   0x00000002   PAD
    0x08001a40   0x08001a40   0x00000014   Code   RO          371    .text.osRtxThreadReadyPut  RTX_CM0.lib(rtx_thread.o)
    0x08001a54   0x08001a54   0x00000006   Code   RO          375    .text.osRtxThreadRegPtr  RTX_CM0.lib(rtx_thread.o)
    0x08001a5a   0x08001a5a   0x00000002   PAD
    0x08001a5c   0x08001a5c   0x0000003c   Code   RO          391    .text.osRtxThreadStartup  RTX_CM0.lib(rtx_thread.o)
    0x08001a98   0x08001a98   0x00000010   Code   RO          377    .text.osRtxThreadSwitch  RTX_CM0.lib(rtx_thread.o)
    0x08001aa8   0x08001aa8   0x00000040   Code   RO          387    .text.osRtxThreadWaitEnter  RTX_CM0.lib(rtx_thread.o)
    0x08001ae8   0x08001ae8   0x00000022   Code   RO          383    .text.osRtxThreadWaitExit  RTX_CM0.lib(rtx_thread.o)
    0x08001b0a   0x08001b0a   0x00000002   PAD
    0x08001b0c   0x08001b0c   0x00000080   Code   RO          722    .text.osRtxTick_Handler  RTX_CM0.lib(rtx_system.o)
    0x08001b8c   0x08001b8c   0x00000024   Code   RO          513    .text.osRtxTimerSetup  RTX_CM0.lib(rtx_timer.o)
    0x08001bb0   0x08001bb0   0x0000001c   Code   RO          517    .text.osRtxTimerThread  RTX_CM0.lib(rtx_timer.o)
    0x08001bcc   0x08001bcc   0x00000074   Code   RO          515    .text.osRtxTimerTick  RTX_CM0.lib(rtx_timer.o)
    0x08001c40   0x08001c40   0x0000000c   Code   RO          423    .text.osThreadExit  RTX_CM0.lib(rtx_thread.o)
    0x08001c4c   0x08001c4c   0x00000024   Code   RO          395    .text.osThreadNew   RTX_CM0.lib(rtx_thread.o)
    0x08001c70   0x08001c70   0x00000018   Code   RO          501    .text.svcRtxDelay   RTX_CM0.lib(rtx_delay.o)
    0x08001c88   0x08001c88   0x0000000c   Code   RO          307    .text.svcRtxKernelGetState  RTX_CM0.lib(rtx_kernel.o)
    0x08001c94   0x08001c94   0x0000013c   Code   RO          337    .text.svcRtxKernelInitialize  RTX_CM0.lib(rtx_kernel.o)
    0x08001dd0   0x08001dd0   0x00000084   Code   RO          339    .text.svcRtxKernelStart  RTX_CM0.lib(rtx_kernel.o)
    0x08001e54   0x08001e54   0x000000cc   Code   RO          708    .text.svcRtxMessageQueueGet  RTX_CM0.lib(rtx_msgqueue.o)
    0x08001f20   0x08001f20   0x000001c0   Code   RO          666    .text.svcRtxMessageQueueNew  RTX_CM0.lib(rtx_msgqueue.o)
    0x080020e0   0x080020e0   0x000000b0   Code   RO          704    .text.svcRtxMessageQueuePut  RTX_CM0.lib(rtx_msgqueue.o)
    0x08002190   0x08002190   0x00000094   Code   RO          575    .text.svcRtxMutexAcquire  RTX_CM0.lib(rtx_mutex.o)
    0x08002224   0x08002224   0x000000b4   Code   RO          581    .text.svcRtxMutexDelete  RTX_CM0.lib(rtx_mutex.o)
    0x080022d8   0x080022d8   0x00000070   Code   RO          571    .text.svcRtxMutexNew  RTX_CM0.lib(rtx_mutex.o)
    0x08002348   0x08002348   0x000000bc   Code   RO          577    .text.svcRtxMutexRelease  RTX_CM0.lib(rtx_mutex.o)
    0x08002404   0x08002404   0x0000004c   Code   RO          469    .text.svcRtxThreadExit  RTX_CM0.lib(rtx_thread.o)
    0x08002450   0x08002450   0x000001fc   Code   RO          393    .text.svcRtxThreadNew  RTX_CM0.lib(rtx_thread.o)
    0x0800264c   0x0800264c   0x000001f6   Code   RO          771    .text_divfast       c_p.l(aeabi_sdivfast.o)
    0x08002842   0x08002842   0x00000002   PAD
    0x08002844   0x08002844   0x00000070   Data   RO          265    .rodata             rtx_lib.o
    0x080028b4   0x080028b4   0x00000038   Data   RO          268    .rodata             rtx_lib.o
    0x080028ec   0x080028ec   0x00000024   Data   RO           26    .rodata.ThreadAttr_ADC_Read  main.o
    0x08002910   0x08002910   0x00000024   Data   RO           24    .rodata.ThreadAttr_LED_PWM  main.o
    0x08002934   0x08002934   0x00000024   Data   RO           28    .rodata.ThreadAttr_app_main  main.o
    0x08002958   0x08002958   0x00000004   Data   RO          267    .rodata.osRtxUserSVC  rtx_lib.o
    0x0800295c   0x0800295c   0x00000024   Data   RO          262    .rodata.os_idle_thread_attr  rtx_lib.o
    0x08002980   0x08002980   0x00000018   Data   RO          264    .rodata.os_timer_mq_attr  rtx_lib.o
    0x08002998   0x08002998   0x00000024   Data   RO          263    .rodata.os_timer_thread_attr  rtx_lib.o
    0x080029bc   0x080029bc   0x0000001a   Data   RO           30    .rodata.str1.1      main.o
    0x080029d6   0x080029d6   0x00000002   PAD
    0x080029d8   0x080029d8   0x0000000b   Data   RO          353    .rodata.str1.4      RTX_CM0.lib(rtx_kernel.o)
    0x080029e3   0x080029e3   0x00000001   PAD
    0x080029e4   0x080029e4   0x00000020   Data   RO          954    Region$$Table       anon$$obj.o


    Execution Region RW_IRAM1 (Exec base: 0x20000000, Load base: 0x08002a08, Size: 0x00001a70, Max: 0x00002000, ABSOLUTE)

    Exec Addr    Load Addr    Size         Type   Attr      Idx    E Section Name        Object

    0x20000000   0x08002a08   0x00000004   Data   RW          238    .data.SystemCoreClock  system_stm32g0xx.o
    0x20000004   0x08002a0c   0x000000a4   Data   RW          354    .data.os            RTX_CM0.lib(rtx_kernel.o)
    0x200000a8        -       0x00000060   Zero   RW          818    .bss                c_p.l(libspace.o)
    0x20000108        -       0x00000004   Zero   RW           27    .bss.ADC_Read_ID    main.o
    0x2000010c        -       0x00000002   Zero   RW           23    .bss.ADC_Value      main.o
    0x2000010e   0x08002ab0   0x00000002   PAD
    0x20000110        -       0x00000004   Zero   RW           25    .bss.LED_PWM_ID     main.o
    0x20000114        -       0x00000004   Zero   RW           29    .bss.app_main_ID    main.o
    0x20000118        -       0x00001040   Zero   RW          261    .bss.os             rtx_lib.o
    0x20001158        -       0x00000001   Zero   RW          754    .bss.os             RTX_CM0.lib(os_systick.o)
    0x20001159   0x08002ab0   0x00000003   PAD
    0x2000115c        -       0x00000034   Zero   RW          273    .bss.os.msgqueue.cb  rtx_lib.o
    0x20001190        -       0x00000050   Zero   RW          274    .bss.os.msgqueue.mem  rtx_lib.o
    0x200011e0        -       0x00000088   Zero   RW          270    .bss.os.thread.cb   rtx_lib.o
    0x20001268        -       0x00000100   Zero   RW          271    .bss.os.thread.idle.stack  rtx_lib.o
    0x20001368        -       0x00000100   Zero   RW          272    .bss.os.thread.timer.stack  rtx_lib.o
    0x20001468        -       0x00000001   Zero   RW          275    .bss.os_kernel_is_active.os_kernel_active  rtx_lib.o
    0x20001469   0x08002ab0   0x00000007   PAD
    0x20001470        -       0x00000200   Zero   RW            2    HEAP                startup_stm32g030xx.o
    0x20001670        -       0x00000400   Zero   RW            1    STACK               startup_stm32g030xx.o


==============================================================================

Image component sizes


      Code (inc. data)   RO Data    RW Data    ZI Data      Debug   Object Name

       276         20          0          0          0       4467   adc.o
        80          0          0          0          0       2204   gpio.o
       504         92        134          0         14       8916   main.o
         4          0          0          0          0        694   rtx_config.o
       140          4        268          0       4941       7627   rtx_lib.o
        56         26        192          0       1536        616   startup_stm32g030xx.o
         4          0          0          0          0        466   stm32g0xx_it.o
       156          8          0          0          0       5872   stm32g0xx_ll_adc.o
       190          0          0          0          0       4075   stm32g0xx_ll_gpio.o
      1032         80          0          0          0      13386   stm32g0xx_ll_tim.o
        44          8          0          0          0       7981   stm32g0xx_ll_utils.o
         2          0          0          4          0       1955   system_stm32g0xx.o
       572         28          0          0          0       5750   tim.o

    ----------------------------------------------------------------------
      3066        266        628          4       6500      64009   Object Totals
         0          0         32          0          0          0   (incl. Generated)
         6          0          2          0          9          0   (incl. Padding)

    ----------------------------------------------------------------------

      Code (inc. data)   RO Data    RW Data    ZI Data      Debug   Library Member Name

       164          8          0          0          0        658   irq_armv6m.o
       122         16          0          0          1       2812   os_systick.o
        64          4          0          0          0       2729   rtx_delay.o
       594         44         11        164          0      15793   rtx_kernel.o
       244          0          0          0          0       2665   rtx_memory.o
       156          0          0          0          0      14433   rtx_mempool.o
      1474         40          0          0          0      18183   rtx_msgqueue.o
       922         28          0          0          0       9527   rtx_mutex.o
       364         18          0          0          0       4871   rtx_system.o
      1644         52          0          0          0      31596   rtx_thread.o
       252         12          0          0          0       9965   rtx_timer.o
         8          0          0          0          0         68   __main.o
         0          0          0          0          0          0   __rtentry.o
        20          0          0          0          0          0   __rtentry2.o
         6          0          0          0          0          0   __rtentry4.o
        60          8          0          0          0          0   __scatter.o
        26          0          0          0          0          0   __scatter_copy.o
        28          0          0          0          0          0   __scatter_zi.o
       502          0          0          0          0         92   aeabi_sdivfast.o
        16          0          0          0          0         68   exit.o
         6          0          0          0          0        136   heapauxi.o
         0          0          0          0          0          0   indicate_semi.o
         2          0          0          0          0          0   libinit.o
         2          0          0          0          0          0   libinit2.o
         2          0          0          0          0          0   libshutdown.o
         2          0          0          0          0          0   libshutdown2.o
         8          4          0          0         96         68   libspace.o
        64          0          0          0          0        108   rt_memclr.o
       186          0          0          0          0        144   rt_memcpy.o
         2          0          0          0          0          0   rtexit.o
        10          0          0          0          0          0   rtexit2.o
        12          4          0          0          0         60   sys_exit.o
        62          0          0          0          0         80   sys_stackheap_outer.o
         2          0          0          0          0         68   use_no_semi.o

    ----------------------------------------------------------------------
      7050        238         12        164        100     114124   Library Totals
        24          0          1          0          3          0   (incl. Padding)

    ----------------------------------------------------------------------

      Code (inc. data)   RO Data    RW Data    ZI Data      Debug   Library Name

      6000        222         11        164          1     113232   RTX_CM0.lib
      1026         16          0          0         96        892   c_p.l

    ----------------------------------------------------------------------
      7050        238         12        164        100     114124   Library Totals

    ----------------------------------------------------------------------

==============================================================================


      Code (inc. data)   RO Data    RW Data    ZI Data      Debug   

     10116        504        640        168       6600     177429   Grand Totals
     10116        504        640        168       6600     177429   ELF Image Totals
     10116        504        640        168          0          0   ROM Totals

==============================================================================

    Total RO  Size (Code + RO Data)                10756 (  10.50kB)
    Total RW  Size (RW Data + ZI Data)              6768 (   6.61kB)
    Total ROM Size (Code + RO Data + RW Data)      10924 (  10.67kB)

==============================================================================

